 SmmSupervisor

 Timestamp is 65265695 (Wed Oct 11 16:02:29 2023)

 Preferred load address is 0000000000000000

 Start         Length     Name                   Class
 0001:00000000 00000ae8H .text                   CODE
 0001:00000ae8 0000a7a8H .text$mn                CODE
 0002:00000000 0000552cH .rdata                  DATA
 0002:0000552c 00000198H .rdata$voltmd           DATA
 0002:000056c4 000000e8H .rdata$zzzdbg           DATA
 0003:00000000 00000300H .data                   DATA
 0003:00000300 0000f1e0H .bss                    DATA
 0004:00000000 0000063cH .pdata                  DATA
 0005:00000000 0000048cH .xdata                  DATA

  Address         Publics by Value              Rva+Base               Lib:Object

 0000:00000000       __AbsoluteZero             0000000000000000     <absolute>
 0000:00000000       __arm64x_extra_rfe_table   0000000000000000     <absolute>
 0000:00000000       __arm64x_extra_rfe_table_size 0000000000000000     <absolute>
 0000:00000000       __arm64x_native_entrypoint 0000000000000000     <absolute>
 0000:00000000       __arm64x_redirection_metadata 0000000000000000     <absolute>
 0000:00000000       __arm64x_redirection_metadata_count 0000000000000000     <absolute>
 0000:00000000       __dynamic_value_reloc_table 0000000000000000     <absolute>
 0000:00000000       __enclave_config           0000000000000000     <absolute>
 0000:00000000       __guard_check_icall_a64n_fptr 0000000000000000     <absolute>
 0000:00000000       __guard_eh_cont_count      0000000000000000     <absolute>
 0000:00000000       __guard_eh_cont_table      0000000000000000     <absolute>
 0000:00000000       __guard_fids_count         0000000000000000     <absolute>
 0000:00000000       __guard_fids_table         0000000000000000     <absolute>
 0000:00000000       __guard_flags              0000000000000000     <absolute>
 0000:00000000       __guard_iat_count          0000000000000000     <absolute>
 0000:00000000       __guard_iat_table          0000000000000000     <absolute>
 0000:00000000       __guard_longjmp_count      0000000000000000     <absolute>
 0000:00000000       __guard_longjmp_table      0000000000000000     <absolute>
 0000:00000000       __hybrid_auxiliary_delayload_iat 0000000000000000     <absolute>
 0000:00000000       __hybrid_auxiliary_delayload_iat_copy 0000000000000000     <absolute>
 0000:00000000       __hybrid_auxiliary_iat     0000000000000000     <absolute>
 0000:00000000       __hybrid_auxiliary_iat_copy 0000000000000000     <absolute>
 0000:00000000       __hybrid_code_map          0000000000000000     <absolute>
 0000:00000000       __hybrid_code_map_count    0000000000000000     <absolute>
 0000:00000000       __hybrid_image_info_bitfield 0000000000000000     <absolute>
 0000:00000000       __x64_code_ranges_to_entry_points 0000000000000000     <absolute>
 0000:00000000       __x64_code_ranges_to_entry_points_count 0000000000000000     <absolute>
 0001:000000f8       InternalX86Retf            00000000000010f8     SmmSupervisor:SmmSupvGdtTbl.obj
 0001:0000010c       Cpl3HandlerStub            000000000000110c     SmmSupervisor:SmmSupvGdtTbl.obj
 0001:0000013e       Cpl3HandlerEndStub         000000000000113e     SmmSupervisor:SmmSupvGdtTbl.obj
 0001:00000140       SyscallCenter              0000000000001140     SmmSupervisor:SysCallEntry_msvc.obj
 0001:000001b0       InternalMemCopyMem         00000000000011b0     BaseMemoryLibRepStr:CopyMem.obj
 0001:000001f0       InternalMemZeroMem         00000000000011f0     BaseMemoryLibRepStr:ZeroMem.obj
 0001:00000210       InternalMemCompareMem      0000000000001210     BaseMemoryLibRepStr:CompareMem.obj
 0001:00000230       InternalMemIsZeroBuffer    0000000000001230     BaseMemoryLibRepStr:IsZeroBuffer.obj
 0001:00000260       SetJump                    0000000000001260     BaseLib:SetJump.obj
 0001:00000330       CpuPause                   0000000000001330     BaseLib:CpuPause.obj
 0001:00000340       AsmWriteCr3                0000000000001340     BaseLib:WriteCr3.obj
 0001:00000350       AsmWbinvd                  0000000000001350     BaseLib:Wbinvd.obj
 0001:00000360       DisableInterrupts          0000000000001360     BaseLib:DisableInterrupts.obj
 0001:00000370       AsmReadCr0                 0000000000001370     BaseLib:ReadCr0.obj
 0001:00000380       AsmReadCr3                 0000000000001380     BaseLib:ReadCr3.obj
 0001:00000390       AsmCpuid                   0000000000001390     BaseLib:CpuId.obj
 0001:000003c0       AsmReadCr4                 00000000000013c0     BaseLib:ReadCr4.obj
 0001:000003d0       InternalLongJump           00000000000013d0     BaseLib:LongJump.obj
 0001:00000480       InternalX86WriteGdtr       0000000000001480     BaseLib:WriteGdtr.obj
 0001:00000490       InternalX86ReadGdtr        0000000000001490     BaseLib:ReadGdtr.obj
 0001:000004a0       InternalX86WriteIdtr       00000000000014a0     BaseLib:WriteIdtr.obj
 0001:000004b0       InternalX86ReadIdtr        00000000000014b0     BaseLib:ReadIdtr.obj
 0001:000004c0       EnableInterrupts           00000000000014c0     BaseLib:EnableInterrupts.obj
 0001:000004d0       AsmReadEflags              00000000000014d0     BaseLib:ReadEflags.obj
 0001:000004e0       CpuSleep                   00000000000014e0     BaseCpuLib:CpuSleep.obj
 0001:0000069e       CommonInterruptEntry       000000000000169e     SmmCpuExceptionHandlerLib:Xcode5ExceptionHandlerAsm.obj
 0001:000008f8       AsmGetTemplateAddressMap   00000000000018f8     SmmCpuExceptionHandlerLib:Xcode5ExceptionHandlerAsm.obj
 0001:00000939       AsmVectorNumFixup          0000000000001939     SmmCpuExceptionHandlerLib:Xcode5ExceptionHandlerAsm.obj
 0001:00000940       TransferToDefaultExceptionHandler 0000000000001940     SmmCpuExceptionHandlerLib:Xcode5ExceptionHandlerAsm.obj
 0001:0000095c       ReturnToCpl0ExceptionHandler 000000000000195c     SmmCpuExceptionHandlerLib:Xcode5ExceptionHandlerAsm.obj
 0001:0000096d       GetRsp                     000000000000196d     SmmCpuExceptionHandlerLib:Xcode5ExceptionHandlerAsm.obj
 0001:00000971       FlushTlbMemory             0000000000001971     SmmCpuExceptionHandlerLib:Xcode5ExceptionHandlerAsm.obj
 0001:00000980       LibAmdSimNowEnterDebugger  0000000000001980     AmdBaseLib:AmdBaseLib64.obj
 0001:0000099e       LibAmdHDTBreakPoint        000000000000199e     AmdBaseLib:AmdBaseLib64.obj
 0001:000009bf       LibAmdFinit                00000000000019bf     AmdBaseLib:AmdBaseLib64.obj
 0001:000009d0       InternalMemSetMem          00000000000019d0     BaseMemoryLibRepStr:SetMem.obj
 0001:000009f0       InternalMemSetMem64        00000000000019f0     BaseMemoryLibRepStr:SetMem64.obj
 0001:00000a10       InternalMemSetMem32        0000000000001a10     BaseMemoryLibRepStr:SetMem32.obj
 0001:00000a30       AsmReadTsc                 0000000000001a30     BaseLib:ReadTsc.obj
 0001:00000a40       AsmReadCs                  0000000000001a40     BaseLib:ReadCs.obj
 0001:00000a50       AsmWriteTr                 0000000000001a50     BaseLib:WriteTr.obj
 0001:00000a60       InternalX86RdSeed32        0000000000001a60     AmdPspBaseLibV2:RdSeed.obj
 0001:00000a80       AsmCpuidEx                 0000000000001a80     BaseLib:CpuIdEx.obj
 0001:00000ab0       InternalX86RdRand16        0000000000001ab0     BaseLib:RdRand.obj
 0001:00000ac2       InternalX86RdRand32        0000000000001ac2     BaseLib:RdRand.obj
 0001:00000ad3       InternalX86RdRand64        0000000000001ad3     BaseLib:RdRand.obj
 0001:00000ae8       _ModuleEntryPoint          0000000000001ae8 f   UefiDriverEntryPoint:DriverEntryPoint.obj
 0001:00000b1c       ProcessLibraryConstructorList 0000000000001b1c f   SmmSupervisor:AutoGen.obj
 0001:000011b0       ProcessModuleEntryPointList 00000000000021b0 f   SmmSupervisor:AutoGen.obj
 0001:0000126c       ReportDrtmInfo             000000000000226c f   SmmSupervisor:SmmSupervisor.obj
 0001:00001488       CompareMemoryPolicy        0000000000002488 f   SmmSupervisor:SmmSupervisor.obj
 0001:000015a4       ReInitGdtTable             00000000000025a4 f   SmmSupervisor:SmmSupervisor.obj
 0001:00001690       VerifyPolicyAndUpdatePageTable 0000000000002690 f   SmmSupervisor:SmmSupervisor.obj
 0001:00001768       VerifyAndUpdatePageTbl     0000000000002768 f   SmmSupervisor:SmmSupervisor.obj
 0001:00001df4       InstallSmmSupvPublicInfoTable 0000000000002df4 f   SmmSupervisor:SmmSupervisor.obj
 0001:00001ed4       PostDrtmEntry              0000000000002ed4 f   SmmSupervisor:SmmSupervisor.obj
 0001:000021f4       AllocatePoolForGlobalData  00000000000031f4 f   SmmSupervisor:SmmSupervisor.obj
 0001:000023fc       SmmSupvSmiEntry            00000000000033fc f   SmmSupervisor:SmmSupervisor.obj
 0001:00002970       PageTblReadyToLockCallback 0000000000003970 f   SmmSupervisor:SmmSupervisor.obj
 0001:00002b54       SmmSupvSmiExit             0000000000003b54 f   SmmSupervisor:SmmSupervisor.obj
 0001:00002cdc       GetSmmBase                 0000000000003cdc f   SmmSupervisor:SmmSupervisor.obj
 0001:00002cf4       SmmSupvSmmReadyToLockEventNotify 0000000000003cf4 f   SmmSupervisor:SmmSupervisor.obj
 0001:00002e70       AllocateSmmSupvPool        0000000000003e70 f   SmmSupervisor:SmmSupervisor.obj
 0001:00002efc       AllocateZeroSmmSupvPool    0000000000003efc f   SmmSupervisor:SmmSupervisor.obj
 0001:00002f30       SmmSupervisorEntry         0000000000003f30 f   SmmSupervisor:SmmSupervisor.obj
 0001:00003344       SmmSupervisorInstallErrorReporter 0000000000004344 f   SmmSupervisor:SmmSupervisorProtocol.obj
 0001:000033ac       GetSmmSupervisorVersionAndSplValue 00000000000043ac f   SmmSupervisor:SmmSupervisorProtocol.obj
 0001:000034a4       SmmSupervisorInstallSmiHandler 00000000000044a4 f   SmmSupervisor:SmmSupervisorProtocol.obj
 0001:00003798       TurnOnSmmIsoAtEvent        0000000000004798 f   SmmSupervisor:SmmSupervisorProtocol.obj
 0001:000037b8       InstallExceptionHandler    00000000000047b8 f   SmmSupervisor:SmmSupervisorProtocol.obj
 0001:00003874       SetExceptionHandlerReturnAddress 0000000000004874 f   SmmSupervisor:SmmSupervisorProtocol.obj
 0001:00003880       SetEndOfPolicyViolationAction 0000000000004880 f   SmmSupervisor:SmmSupervisorProtocol.obj
 0001:0000389c       AllocateGdtBuffer          000000000000489c f   SmmSupervisor:SmmSupvGdt.obj
 0001:0000395c       InitGdtTable               000000000000495c f   SmmSupervisor:SmmSupvGdt.obj
 0001:00003a38       DumpModuleInfoByIp         0000000000004a38 f   SmmSupervisor:SmmExceptionHandler.obj
 0001:00003a90       AmdIdsDpRamConstructor     0000000000004a90 f   AmdIdsDebugPrintLib:AmdIdsDpRam.obj
 0001:00003a90       AmdIdsDpRedirectIoConstructor 0000000000004a90 f   AmdIdsDebugPrintLib:AmdIdsDpRedirectIo.obj
 0001:00003a90       AmdIdsDpSerialConstructor  0000000000004a90 f   AmdIdsDebugPrintLib:AmdIdsDpSerial.obj
 0001:00003ba4       InitializeSmmIdt           0000000000004ba4 f   SmmSupervisor:SmmExceptionHandler.obj
 0001:00003d5c       IsSyncTimerTimeout         0000000000004d5c f   SmmSupervisor:SyncTimer.obj
 0001:00003e00       SyscallDispatcher          0000000000004e00 f   SmmSupervisor:SyscallDispatcher.obj
 0001:00004450       GetPiPcdProtocol           0000000000005450 f   DxePcdLib:DxePcdLib.obj
 0001:000044dc       AsciiSPrint                00000000000054dc f   BasePrintLib:PrintLib.obj
 0001:00004508       BasePrintLibFillBuffer     0000000000005508 f   BasePrintLib:PrintLibInternal.obj
 0001:0000453c       BasePrintLibValueToString  000000000000553c f   BasePrintLib:PrintLibInternal.obj
 0001:000045a8       BasePrintLibSPrintMarker   00000000000055a8 f   BasePrintLib:PrintLibInternal.obj
 0001:0000557c       BasePrintLibSPrint         000000000000657c f   BasePrintLib:PrintLibInternal.obj
 0001:000055a0       SmmSupvTestPoint           00000000000065a0 f   SmmSupvTestPointLib:SmmSupvTestPointLib.obj
 0001:00005608       WriteBiosRam32             0000000000006608 f   ErrorDataLogLibDebug:ErrorDataLogLibDebug.obj
 0001:00005654       WriteErrorData             0000000000006654 f   ErrorDataLogLibDebug:ErrorDataLogLibDebug.obj
 0001:000056a0       WriteErrorDataAndReset     00000000000066a0 f   ErrorDataLogLibDebug:ErrorDataLogLibDebug.obj
 0001:000056ec       UpdateLegacyMemoryDesc     00000000000066ec f   SmmSupervisorPolicyLib:SmmSupervisorPolicyMgmtLib.obj
 0001:00005760       UpdateMemoryDesc           0000000000006760 f   SmmSupervisorPolicyLib:SmmSupervisorPolicyMgmtLib.obj
 0001:000057c4       DumpSmmPolicyData          00000000000067c4 f   SmmSupervisorPolicyLib:SmmSupervisorPolicyMgmtLib.obj
 0001:00005c70       SecurityPolicyCheck        0000000000006c70 f   SmmSupervisorPolicyLib:SmmSupervisorPolicyMgmtLib.obj
 0001:000063c8       InitializePolicyData       00000000000073c8 f   SmmSupervisorPolicyLib:SmmSupervisorPolicyMgmtLib.obj
 0001:000064e0       PopulateMemoryPolicyEntries 00000000000074e0 f   SmmSupervisorPolicyLib:SmmSupervisorPolicyMgmtLib.obj
 0001:00006658       AllocateCopyOnePage        0000000000007658 f   SmmSupervisorPageMgmtLib:SmmSupervisorPageMgmtLib.obj
 0001:00006694       GetPageTableBase           0000000000007694 f   SmmSupervisorPageMgmtLib:SmmSupervisorPageMgmtLib.obj
 0001:00006710       GetPageTableEntry          0000000000007710 f   SmmSupervisorPageMgmtLib:SmmSupervisorPageMgmtLib.obj
 0001:00006814       SplitPage                  0000000000007814 f   SmmSupervisorPageMgmtLib:SmmSupervisorPageMgmtLib.obj
 0001:00006930       CalculateMaximumSupportAddress 0000000000007930 f   SmmSupervisorPageMgmtLib:SmmSupervisorPageMgmtLib.obj
 0001:00006980       ConvertMemoryPageAttributes 0000000000007980 f   SmmSupervisorPageMgmtLib:SmmSupervisorPageMgmtLib.obj
 0001:00006be8       GenMemPolicyAndShadowPageTable 0000000000007be8 f   SmmSupervisorPageMgmtLib:SmmSupervisorPageMgmtLib.obj
 0001:0000738c       IoRead16                   000000000000838c f   BaseIoLibIntrinsic:IoLibMsc.obj
 0001:000073c0       IoWrite16                  00000000000083c0 f   BaseIoLibIntrinsic:IoLibMsc.obj
 0001:00007404       IoRead32                   0000000000008404 f   BaseIoLibIntrinsic:IoLibMsc.obj
 0001:00007438       IoWrite32                  0000000000008438 f   BaseIoLibIntrinsic:IoLibMsc.obj
 0001:00007478       MmioRead16                 0000000000008478 f   BaseIoLibIntrinsic:IoLib.obj
 0001:000074a8       MmioRead32                 00000000000084a8 f   BaseIoLibIntrinsic:IoLib.obj
 0001:000074d8       MmioWrite32                00000000000084d8 f   BaseIoLibIntrinsic:IoLib.obj
 0001:00007514       CopyMem                    0000000000008514 f   BaseMemoryLibRepStr:CopyMemWrapper.obj
 0001:000075b0       ZeroMem                    00000000000085b0 f   BaseMemoryLibRepStr:ZeroMemWrapper.obj
 0001:00007620       CompareMem                 0000000000008620 f   BaseMemoryLibRepStr:CompareMemWrapper.obj
 0001:000076f8       CompareGuid                00000000000086f8 f   BaseMemoryLibRepStr:MemLibGuid.obj
 0001:000077bc       SaveAndDisableInterrupts   00000000000087bc f   BaseLib:Cpu.obj
 0001:000077e0       StrnLenS                   00000000000087e0 f   BaseLib:SafeString.obj
 0001:00007838       LShiftU64                  0000000000008838 f   BaseLib:LShiftU64.obj
 0001:0000787c       InternalAssertJumpBuffer   000000000000887c f   BaseLib:SetJump.obj
 0001:000078b4       AsciiStrLen                00000000000088b4 f   BaseLib:String.obj
 0001:00007920       DebugPrint                 0000000000008920 f   BaseDebugLibSerialPort:DebugLib.obj
 0001:00007944       DebugPrintMarker           0000000000008944 f   BaseDebugLibSerialPort:DebugLib.obj
 0001:000079f4       DebugAssert                00000000000089f4 f   BaseDebugLibSerialPort:DebugLib.obj
 0001:00007a6c       BufferInSmram              0000000000008a6c f   SmmMemoryAllocationLib:MemoryAllocationLib.obj
 0001:00007ab0       AllocatePool               0000000000008ab0 f   SmmMemoryAllocationLib:MemoryAllocationLib.obj
 0001:00007ae0       InternalAllocateCopyPool   0000000000008ae0 f   SmmMemoryAllocationLib:MemoryAllocationLib.obj
 0001:00007b78       FreePool                   0000000000008b78 f   SmmMemoryAllocationLib:MemoryAllocationLib.obj
 0001:00007bdc       MicroSecondDelay           0000000000008bdc f   AmdDxeTscTimerLib:AmdTscTimerLibShare.obj
 0001:00007c3c       GetHobList                 0000000000008c3c f   DxeHobLib:HobLib.obj
 0001:00007d1c       GetNextGuidHob             0000000000008d1c f   DxeHobLib:HobLib.obj
 0001:00007da0       BuildHeapBufferNodeLinked  0000000000008da0 f   AmdHeapDxeLib:AmdHeapDxeLib.obj
 0001:00007e3c       AllocateSmmSupvPages       0000000000008e3c f   SmmSupervisorMemMgmtLib:SmmSupervisorMemMgmtLib.obj
 0001:00007f08       AllocateSmmSupvPageTableMemory 0000000000008f08 f   SmmSupervisorMemMgmtLib:SmmSupervisorMemMgmtLib.obj
 0001:0000806c       OverlapStatus              000000000000906c f   SmmSupervisorMemMgmtLib:SmmSupervisorMemMgmtLib.obj
 0001:000080b4       AmdIdsDebugPrintCheckSupportAny 00000000000090b4 f   AmdIdsDebugPrintLib:AmdIdsDebugPrintLib.obj
 0001:00008108       AmdIdsDpRamGetFilter       0000000000009108 f   AmdIdsDebugPrintLib:AmdIdsDpRam.obj
 0001:00008108       AmdIdsDpRamSupport         0000000000009108 f   AmdIdsDebugPrintLib:AmdIdsDpRam.obj
 0001:00008108       AmdIdsDpRedirectIoGetFilter 0000000000009108 f   AmdIdsDebugPrintLib:AmdIdsDpRedirectIo.obj
 0001:00008108       AmdIdsDpRedirectIoSupport  0000000000009108 f   AmdIdsDebugPrintLib:AmdIdsDpRedirectIo.obj
 0001:00008108       AmdIdsDpSerialGetFilter    0000000000009108 f   AmdIdsDebugPrintLib:AmdIdsDpSerial.obj
 0001:0000810c       AmdIdsDpRamPrint           000000000000910c f   AmdIdsDebugPrintLib:AmdIdsDpRam.obj
 0001:00008218       AmdIdsDpSerialSupport      0000000000009218 f   AmdIdsDebugPrintLib:AmdIdsDpSerial.obj
 0001:00008228       AmdIdsDpSerialPrint        0000000000009228 f   AmdIdsDebugPrintLib:AmdIdsDpSerial.obj
 0001:0000826c       AmdIdsDpRedirectIoPrint    000000000000926c f   AmdIdsDebugPrintLib:AmdIdsDpRedirectIo.obj
 0001:000082bc       PeCoffLoaderGetPdbPointer  00000000000092bc f   BasePeCoffGetEntryPointLib:PeCoffGetEntryPoint.obj
 0001:00008408       PeCoffSearchImageBase      0000000000009408 f   BasePeCoffGetEntryPointLib:PeCoffGetEntryPoint.obj
 0001:00008494       MemLogInternal             0000000000009494 f   MemLogLib:MemLogLib.obj
 0001:00008518       MemVLog                    0000000000009518 f   MemLogLib:MemLogLib.obj
 0001:000085c0       AcquireSpinLockOrFail      00000000000095c0 f   BaseSynchronizationLib:SynchronizationMsc.obj
 0001:00008640       ReleaseSpinLock            0000000000009640 f   BaseSynchronizationLib:SynchronizationMsc.obj
 0001:000086b0       InternalImageHandleToFvHandle 00000000000096b0 f   DxeServicesLib:DxeServicesLib.obj
 0001:00008738       InternalGetSectionFromFv   0000000000009738 f   DxeServicesLib:DxeServicesLib.obj
 0001:00008870       GetSectionFromAnyFv        0000000000009870 f   DxeServicesLib:DxeServicesLib.obj
 0001:0000898c       CommonExceptionHandler     000000000000998c f   SmmCpuExceptionHandlerLib:SmmException.obj
 0001:00008994       InitializeCpuExceptionHandlers 0000000000009994 f   SmmCpuExceptionHandlerLib:SmmException.obj
 0001:00008a80       FlushTlbRange              0000000000009a80 f   SmmCpuExceptionHandlerLib:PeiDxeSmmCpuException.obj
 0001:00008ab8       ExecuteDefaultHandler      0000000000009ab8 f   SmmCpuExceptionHandlerLib:PeiDxeSmmCpuException.obj
 0001:00008c7c       CommonExceptionHandlerWorker 0000000000009c7c f   SmmCpuExceptionHandlerLib:PeiDxeSmmCpuException.obj
 0001:00008f6c       UpdateIdtTable             0000000000009f6c f   SmmCpuExceptionHandlerLib:PeiDxeSmmCpuException.obj
 0001:00009080       DumpCpuContext             000000000000a080 f   SmmCpuExceptionHandlerLib:ArchExceptionHandler.obj
 0001:0000938c       InternalPrintMessage       000000000000a38c f   SmmCpuExceptionHandlerLib:CpuExceptionCommon.obj
 0001:00009418       DumpModuleImageInfo        000000000000a418 f   SmmCpuExceptionHandlerLib:CpuExceptionCommon.obj
 0001:000094e4       IsIoReadWriteAllowed       000000000000a4e4 f   SmmPolicyGateLib:SmmPolicyGateLib.obj
 0001:00009714       IsMsrReadWriteAllowed      000000000000a714 f   SmmPolicyGateLib:SmmPolicyGateLib.obj
 0001:000098bc       IsInstructionExecutionAllowed 000000000000a8bc f   SmmPolicyGateLib:SmmPolicyGateLib.obj
 0001:00009a24       PreDrtmInfoSecureStore     000000000000aa24 f   IhvDrtmLibAmd:IhvDrtmLib.obj
 0001:00009af4       PostDrtmSecureValidation   000000000000aaf4 f   IhvDrtmLibAmd:IhvDrtmLib.obj
 0001:00009cb8       SmmSupvPspMboxSmmBufferAddressCallback 000000000000acb8 f   IhvDrtmLibAmd:IhvDrtmLib.obj
 0001:00009d28       FindSmmSupvEntry           000000000000ad28 f   SmmSupvEntryLocateLibAmd:SmmSupvEntryLocateLib.obj
 0001:00009e3c       IhvGetPagesForProtection   000000000000ae3c f   IhvPageProtectionLib:IhvPageProtectionLib.obj
 0001:00009f60       ParseSupervisionType       000000000000af60 f   IhvPageSupervisionLib:IhvPageSupervisionLib.obj
 0001:00009fac       IsIhvSupervisedReadAllowed 000000000000afac f   IhvPageSupervisionLib:IhvPageSupervisionLib.obj
 0001:0000a05c       IhvSupervisedRead          000000000000b05c f   IhvPageSupervisionLib:IhvPageSupervisionLib.obj
 0001:0000a108       IsIhvSupervisedWriteAllowed 000000000000b108 f   IhvPageSupervisionLib:IhvPageSupervisionLib.obj
 0001:0000a1d4       IhvGetPagesForSupervision  000000000000b1d4 f   IhvPageSupervisionLib:IhvPageSupervisionLib.obj
 0001:0000a2c4       CheckIoTrapOnAllCores      000000000000b2c4 f   IhvSmmSaveStateSupervisionLib:IhvSmmSaveStateSupervisionLib.obj
 0001:0000a390       IsIhvSmmSaveStateReadAllowed 000000000000b390 f   IhvSmmSaveStateSupervisionLib:IhvSmmSaveStateSupervisionLib.obj
 0001:0000a584       IdsLibDebugPrint           000000000000b584 f   IdsNonUefiLib:IdsNonUefiLib.obj
 0001:0000a648       SetMem                     000000000000b648 f   BaseMemoryLibRepStr:SetMemWrapper.obj
 0001:0000a6a4       InternalBaseLibIsListValid 000000000000b6a4 f   BaseLib:LinkedList.obj
 0001:0000a734       InsertTailList             000000000000b734 f   BaseLib:LinkedList.obj
 0001:0000a78c       LocalApicBaseAddressMsrSupported 000000000000b78c f   BaseXApicLib:BaseXApicLib.obj
 0001:0000a7d0       ReadLocalApicReg           000000000000b7d0 f   BaseXApicLib:BaseXApicLib.obj
 0001:0000a83c       GetApicMode                000000000000b83c f   BaseXApicLib:BaseXApicLib.obj
 0001:0000a8a4       GetApicId                  000000000000b8a4 f   BaseXApicLib:BaseXApicLib.obj
 0001:0000a974       SendPspCommand             000000000000b974 f   AmdPspMboxLibV2:AmdPspMboxLibV2.obj
 0001:0000ac84       PspMboxBiosDrtmInfo        000000000000bc84 f   AmdPspMboxLibV2:AmdPspMboxLibV2.obj
 0001:0000adbc       GetDrtmMmio                000000000000bdbc f   SmmSupvPspMmioLib:SmmSupvPspMmioLib.obj
 0001:0000ae58       PciCf8Read8                000000000000be58 f   BasePciCf8Lib:PciCf8Lib.obj
 0001:0000af0c       PciCf8Read16               000000000000bf0c f   BasePciCf8Lib:PciCf8Lib.obj
 0001:0000af80       PciCf8Read32               000000000000bf80 f   BasePciCf8Lib:PciCf8Lib.obj
 0001:0000b02c       PciCf8Write32              000000000000c02c f   BasePciCf8Lib:PciCf8Lib.obj
 0001:0000b0a4       GetAmdPspRegInfoEntry      000000000000c0a4 f   AmdPspRegBaseLib:AmdPspRegBaseLib.obj
 0001:0000b118       PspMmioRead                000000000000c118 f   AmdPspMmioLib:AmdPspMmioLib.obj
 0001:0000b158       PspMmioWrite               000000000000c158 f   AmdPspMmioLib:AmdPspMmioLib.obj
 0001:0000b1a0       GetPspMboxLocation         000000000000c1a0 f   AmdPspBaseLibV2:AmdPspBaseLibV2.obj
 0001:0000b1f8       GetPspMmioBase             000000000000c1f8 f   AmdPspBaseLibV2:AmdPspBaseLibV2.obj
 0001:0000b254       SocFamilyIdentificationCheck 000000000000c254 f   AmdSocBaseLib:AmdSocBaseLib.obj
 0002:00000000       ??_C@_0CB@DMEJJJHA@?6ASSERT_EFI_ERROR?5?$CIStatus?5?$DN?5?$CFr?$CJ@ 000000000000d000     UefiDriverEntryPoint:DriverEntryPoint.obj
 0002:00000028       ??_C@_0CH@BBNBJKHK@?$CB?$CI?$CI?$CIINTN?$CJ?$CIRETURN_STATUS?$CJ?$CIStatus@ 000000000000d028     UefiDriverEntryPoint:DriverEntryPoint.obj
 0002:00000050       ??_C@_0O@GDOIFLC@SmmSupervisor@ 000000000000d050     SmmSupervisor:AutoGen.obj
 0002:00000060       ??_C@_0CE@IBFOBMLB@?6ASSERT_RETURN_ERROR?5?$CIStatus?5?$DN?5@ 000000000000d060     SmmSupervisor:AutoGen.obj
 0002:00000090       ??_C@_0HN@HOLMKMLC@e?3?2home?2strixpoint_edk2?2Build?2S@ 000000000000d090     SmmSupervisor:AutoGen.obj
 0002:00000110       ??_C@_0BC@FEDIJHFF@?$CI?$CIBOOLEAN?$CJ?$CI0?$DN?$DN1?$CJ?$CJ@ 000000000000d110     SmmSupervisor:AutoGen.obj
 0002:00000124       _gPcd_FixedAtBuild_PcdControlFlowEnforcementPropertyMask 000000000000d124     SmmSupervisor:AutoGen.obj
 0002:00000130       ??_C@_0EH@FFBFAJFI@e?3?2home?2strixpoint_edk2?2SmmSupe@ 000000000000d130     SmmSupervisor:SmmSupervisor.obj
 0002:00000178       ??_C@_0CD@LAKAIOEO@Find?5SMM?5policy?5returned?5error?5@ 000000000000d178     SmmSupervisor:SmmSupervisor.obj
 0002:000001a0       ??_C@_0P@FOPAFPHK@ReportDrtmInfo@ 000000000000d1a0     SmmSupervisor:SmmSupervisor.obj
 0002:000001b0       ??_C@_0CP@HKHIKIMH@?$FL?$CFa?$FN?5PreDrtmInfoSecureStore?5ret@ 000000000000d1b0     SmmSupervisor:SmmSupervisor.obj
 0002:000001e0       ??_C@_0BG@OHKGOFMM@CPU?5?$CFd?5SmmBase?3?50x?$CFx?6@ 000000000000d1e0     SmmSupervisor:SmmSupervisor.obj
 0002:000001f8       ??_C@_0DE@LGANJBOG@SetMemoryAttributesForCpl0Regio@ 000000000000d1f8     SmmSupervisor:SmmSupervisor.obj
 0002:00000230       ??_C@_0CN@MHKEHKKG@?7Base?3?50x?$CFlx?0?5Length?3?50x?$CFlx?5Att@ 000000000000d230     SmmSupervisor:SmmSupervisor.obj
 0002:00000260       ??_C@_0BK@OHNBKLHE@New?5GDTr?5Base?5?$CFx?5Size?5?$CFx?6@ 000000000000d260     SmmSupervisor:SmmSupervisor.obj
 0002:00000280       ??_C@_0BK@HLNDGGGA@Stack?5Overlapping?5check?5?6@ 000000000000d280     SmmSupervisor:SmmSupervisor.obj
 0002:000002a0       ??_C@_0BP@KFPPAAPO@VerifyPolicyAndUpdatePageTable@ 000000000000d2a0     SmmSupervisor:SmmSupervisor.obj
 0002:000002c0       ??_C@_0CL@KOFBGINN@?$CFa?5Fail?5to?5PopulateMemoryPolicy@ 000000000000d2c0     SmmSupervisor:SmmSupervisor.obj
 0002:000002f0       ??_C@_0DN@EDHCDIGA@Verify?5?5PageTable?4Active?5?$CFlx?5?$DN?$DN@ 000000000000d2f0     SmmSupervisor:SmmSupervisor.obj
 0002:00000330       ??_C@_0DM@NKLJEEHJ@Verify?5?5PageTable?4Shadow?5?$CFlx?5?$DN?$DN@ 000000000000d330     SmmSupervisor:SmmSupervisor.obj
 0002:00000370       ??_C@_0BI@HOFLIDFM@VerifyAndUpdatePageTbl?6@ 000000000000d370     SmmSupervisor:SmmSupervisor.obj
 0002:00000388       ??_C@_0DD@ICKBJBHF@Patch?5SmmSupv?5Driver?5?9?5Base?3?50x@ 000000000000d388     SmmSupervisor:SmmSupervisor.obj
 0002:000003c0       ??_C@_0BF@DOKNOJLF@Patch?5CpL0?5Stacks?5?9?6@ 000000000000d3c0     SmmSupervisor:SmmSupervisor.obj
 0002:000003d8       ??_C@_0CG@JLJPMKKL@?7Cpu?5?$CFd?5?9?5Base?3?50x?$CFlx?0?5Length?3?5@ 000000000000d3d8     SmmSupervisor:SmmSupervisor.obj
 0002:00000400       ??_C@_0BE@DFKMPGMF@RegionCount?5?$DM?50x400@ 000000000000d400     SmmSupervisor:SmmSupervisor.obj
 0002:00000418       ??_C@_0BD@PGKGJBDD@Patch?5CpL0?5GDTs?5?9?6@ 000000000000d418     SmmSupervisor:SmmSupervisor.obj
 0002:00000430       ??_C@_0CO@JIIBFGMO@Patch?5CpL0?5IDTs?5?9?5Base?3?50x?$CFlx?0?5@ 000000000000d430     SmmSupervisor:SmmSupervisor.obj
 0002:00000460       ??_C@_0BH@PCNKBOCL@Patch?5SMMSUPV?5Heaps?5?9?6@ 000000000000d460     SmmSupervisor:SmmSupervisor.obj
 0002:00000478       ??_C@_0CJ@JMABPEOP@?7Region?5?$CFd?5?9?5Base?3?50x?$CFlx?0?5Lengt@ 000000000000d478     SmmSupervisor:SmmSupervisor.obj
 0002:000004b0       ??_C@_0EB@MEIPENDL@Failed?5to?5allocate?5memory?5for?5S@ 000000000000d4b0     SmmSupervisor:SmmSupervisor.obj
 0002:000004f8       ??_C@_0CA@JIDDAEKP@PublicInfoTable?5?$CB?$DN?5?$CI?$CIvoid?5?$CK?$CJ?50?$CJ@ 000000000000d4f8     SmmSupervisor:SmmSupervisor.obj
 0002:00000518       ??_C@_0DF@FGDDHHDG@Failed?5to?5install?5SmmSupervisor@ 000000000000d518     SmmSupervisor:SmmSupervisor.obj
 0002:00000550       ??_C@_0BE@HKMGAEFK@PostDrtmEntry?5?$CFx?$DO?$DO?6@ 000000000000d550     SmmSupervisor:SmmSupervisor.obj
 0002:00000568       ??_C@_0BI@EPILDDFF@PublicInfoTable?5?9?5NULL?6@ 000000000000d568     SmmSupervisor:SmmSupervisor.obj
 0002:00000580       ??_C@_03FPKJJCOM@?$FO$?5@  000000000000d580     SmmSupervisor:SmmSupervisor.obj
 0002:00000588       ??_C@_0BP@NIOCOJJO@?$CFaSmmSupv?5PostDrtmEntry?5?$CFr?5?$DM?$DM?6@ 000000000000d588     SmmSupervisor:SmmSupervisor.obj
 0002:000005a8       ??_C@_0DF@MKBFDOGD@mMpService?9?$DOGetNumberOfProcesso@ 000000000000d5a8     SmmSupervisor:SmmSupervisor.obj
 0002:000005e0       ??_C@_0EL@DDMMIKAG@Allocation?5for?5syscall?5MSR?5fail@ 000000000000d5e0     SmmSupervisor:SmmSupervisor.obj
 0002:00000630       ??_C@_0BJ@CKDEAHMD@mSmmSupvGdtData?5?$DN?$DN?5NULL?6@ 000000000000d630     SmmSupervisor:SmmSupervisor.obj
 0002:00000650       ??_C@_0BM@IIHKPKKH@mSmmSupvGdtData?5?$CFx?5Size?5?$CFx?6@ 000000000000d650     SmmSupervisor:SmmSupervisor.obj
 0002:00000670       ??_C@_0BC@MFNDEKDA@mGdtrPtr?5?$DN?$DN?5NULL?6@ 000000000000d670     SmmSupervisor:SmmSupervisor.obj
 0002:00000688       ??_C@_0CN@DJFJCIFC@mThreadCount?5?$DM?$DN?5mSmmSupvCpuData@ 000000000000d688     SmmSupervisor:SmmSupervisor.obj
 0002:000006b8       ??_C@_04IADOFHFC@?$HL?$CFx?6@ 000000000000d6b8     SmmSupervisor:SmmSupervisor.obj
 0002:000006c0       ??_C@_0DD@NBHJAGBP@?6Dump?5mSmmPolicyData?5reported?5t@ 000000000000d6c0     SmmSupervisor:SmmSupervisor.obj
 0002:000006f8       ??_C@_0BM@CPJEKJPF@PageTblReadyToLockCallback?6@ 000000000000d6f8     SmmSupervisor:SmmSupervisor.obj
 0002:00000718       ??_C@_0BL@BLAAJLCC@PageTblReadyToLockCallback@ 000000000000d718     SmmSupervisor:SmmSupervisor.obj
 0002:00000738       ??_C@_0CI@HNPDJHOF@?$CFa?5Fail?5at?5IhvGetPagesForProtec@ 000000000000d738     SmmSupervisor:SmmSupervisor.obj
 0002:00000760       ??_C@_0FF@DNPNIKFJ@?$CFa?5Requested?5memory?5address?50x?$CF@ 000000000000d760     SmmSupervisor:SmmSupervisor.obj
 0002:000007c0       ??_C@_0EA@DBJJANFN@?$CFa?5Fail?5to?5PopulateMemoryPolicy@ 000000000000d7c0     SmmSupervisor:SmmSupervisor.obj
 0002:00000800       ??_C@_0DL@KNLNCDLO@Failed?5to?5locate?5gEfiSmmVariabl@ 000000000000d800     SmmSupervisor:SmmSupervisor.obj
 0002:00000840       ??_C@_0CE@CLPIPLAK@SMM?5Supervisor?5version?5to?5store@ 000000000000d840     SmmSupervisor:SmmSupervisor.obj
 0002:00000868       ??_C@_1CK@CKPHDOBB@?$AAS?$AAm?$AAm?$AAS?$AAu?$AAp?$AAe?$AAr?$AAv?$AAi?$AAs?$AAo?$AAr?$AAV?$AAe@ 000000000000d868     SmmSupervisor:SmmSupervisor.obj
 0002:00000898       ??_C@_0DF@HHADFLPM@Failed?5to?5store?5SMM?5Supervisor?5@ 000000000000d898     SmmSupervisor:SmmSupervisor.obj
 0002:000008d0       ??_C@_0CC@NAOCFABL@SmmSupvSmmReadyToLockEventNotif@ 000000000000d8d0     SmmSupervisor:SmmSupervisor.obj
 0002:000008f8       ??_C@_0BE@NFKDNCAO@AllocateSmmSupvPool@ 000000000000d8f8     SmmSupervisor:SmmSupervisor.obj
 0002:00000910       ??_C@_0EG@PPNACNMK@?$CFa?5PoolBase?3?$CFx?0?5PoolSize?3?$CFlx?0?5A@ 000000000000d910     SmmSupervisor:SmmSupervisor.obj
 0002:00000960       ??_C@_0HL@FAIIOCHG@?$CFa?5Out?5of?5resource?5to?5allocate?5@ 000000000000d960     SmmSupervisor:SmmSupervisor.obj
 0002:000009e0       ??_C@_0BE@HCBLNPAF@SmmSupervisorEntry?6@ 000000000000d9e0     SmmSupervisor:SmmSupervisor.obj
 0002:000009f8       ??_C@_0DF@EFGNDHFB@Allocate?5SmmSupv?5pages?5for?5prot@ 000000000000d9f8     SmmSupervisor:SmmSupervisor.obj
 0002:00000a30       ??_C@_0BH@ENHILBLF@mProtectedMemPool?3?5?$CFx?6@ 000000000000da30     SmmSupervisor:SmmSupervisor.obj
 0002:00000a48       ??_C@_0CD@FHPDHEFP@SmmSupervisorEntry?5exit?5with?5?9?5@ 000000000000da48     SmmSupervisor:SmmSupervisor.obj
 0002:00000a70       ??_C@_0N@OFKIIELI@SMM_SC_RDMSR@ 000000000000da70     SmmSupervisor:SmmSupervisorProtocol.obj
 0002:00000a80       ??_C@_0N@FKMFHHCJ@SMM_SC_WRMSR@ 000000000000da80     SmmSupervisor:SmmSupervisorProtocol.obj
 0002:00000a90       ??_C@_0L@ENJDNINF@SMM_SC_CLI@ 000000000000da90     SmmSupervisor:SmmSupervisorProtocol.obj
 0002:00000aa0       ??_C@_0P@LOOCHHFG@SMM_SC_IO_READ@ 000000000000daa0     SmmSupervisor:SmmSupervisorProtocol.obj
 0002:00000ab0       ??_C@_0BA@FECHPMEI@SMM_SC_IO_WRITE@ 000000000000dab0     SmmSupervisor:SmmSupervisorProtocol.obj
 0002:00000ac0       ??_C@_0O@IFNBFENP@SMM_SC_WBINVD@ 000000000000dac0     SmmSupervisor:SmmSupervisorProtocol.obj
 0002:00000ad0       ??_C@_0L@GFPODDMI@SMM_SC_HLT@ 000000000000dad0     SmmSupervisor:SmmSupervisorProtocol.obj
 0002:00000ae0       ??_C@_0BB@POOMKDON@SMM_SC_SVST_READ@ 000000000000dae0     SmmSupervisor:SmmSupervisorProtocol.obj
 0002:00000af8       ??_C@_0BF@JMDJBOKM@SMM_SC_IHV_SUPV_READ@ 000000000000daf8     SmmSupervisor:SmmSupervisorProtocol.obj
 0002:00000b10       ??_C@_0BG@JGNDMCD@SMM_SC_IHV_SUPV_WRITE@ 000000000000db10     SmmSupervisor:SmmSupervisorProtocol.obj
 0002:00000b28       ??_C@_0BO@NDECCOLI@CoreSmmEntry?5Addr?3?$CFx?5Size?3?$CFx?6@ 000000000000db28     SmmSupervisor:SmmSupervisorProtocol.obj
 0002:00000b48       ??_C@_0CE@MAEEFJHB@FindSmmSupvEntry?5returned?5error@ 000000000000db48     SmmSupervisor:SmmSupervisorProtocol.obj
 0002:00000b70       ??_C@_0EP@JKEEIGFO@e?3?2home?2strixpoint_edk2?2SmmSupe@ 000000000000db70     SmmSupervisor:SmmSupervisorProtocol.obj
 0002:00000bc0       ??_C@_0CC@DNIIKLEJ@SmmSupervisorInstallErrorReport@ 000000000000dbc0     SmmSupervisor:SmmSupervisorProtocol.obj
 0002:00000be8       ??_C@_0DH@BGBGKHNK@?$CFa?5mExternalErrorLogger?5has?5alr@ 000000000000dbe8     SmmSupervisor:SmmSupervisorProtocol.obj
 0002:00000c20       ??_C@_0EH@CANNDFHG@Failed?5to?5get?5SmmSupervisor?5ver@ 000000000000dc20     SmmSupervisor:SmmSupervisorProtocol.obj
 0002:00000c68       ??_C@_0DM@JNBKCNAP@Failed?5to?5get?5SmmSupervisor?5ver@ 000000000000dc68     SmmSupervisor:SmmSupervisorProtocol.obj
 0002:00000ca8       ??_C@_0DL@KJFIBDJI@Failed?5to?5get?5SmmSupervisor?5ver@ 000000000000dca8     SmmSupervisor:SmmSupervisorProtocol.obj
 0002:00000ce8       ??_C@_0DN@KIJMFEGH@Failed?5to?5get?5SmmSupervisor?5ver@ 000000000000dce8     SmmSupervisor:SmmSupervisorProtocol.obj
 0002:00000d28       ??_C@_07LCONPLCO@?$CFd?4?$CF04d@ 000000000000dd28     SmmSupervisor:SmmSupervisorProtocol.obj
 0002:00000d30       ??_C@_0BO@CPMCPLAH@mSmmEntryAddr?5?$CB?$DN?5?$CI?$CIvoid?5?$CK?$CJ?50?$CJ@ 000000000000dd30     SmmSupervisor:SmmSupervisorProtocol.obj
 0002:00000d50       ??_C@_0BD@IHHLDLFI@mSmmEntrySize?5?$CB?$DN?50@ 000000000000dd50     SmmSupervisor:SmmSupervisorProtocol.obj
 0002:00000d68       ??_C@_0CM@OOOIAMOA@SmiEntry?5binary?5version?3?5?$CFX?4?$CFX?0@ 000000000000dd68     SmmSupervisor:SmmSupervisorProtocol.obj
 0002:00000d98       ??_C@_0CO@CHFEJNJ@SmmSupervisor?5driver?5version?3?5?$CF@ 000000000000dd98     SmmSupervisor:SmmSupervisorProtocol.obj
 0002:00000dc8       ??_C@_0BO@FFPMPPCH@5?5Level?5Page?5table?5Supported?6@ 000000000000ddc8     SmmSupervisor:SmmSupervisorProtocol.obj
 0002:00000de8       ??_C@_0DA@IPNAJOOC@Current?5SmmSupervisor?5protocol?5@ 000000000000dde8     SmmSupervisor:SmmSupervisorProtocol.obj
 0002:00000e18       ??_C@_0BO@MNOLHCIC@InstallSmmSupvPublicInterface@ 000000000000de18     SmmSupervisor:SmmSupervisorProtocol.obj
 0002:00000e38       ??_C@_0BN@FEBOCAGK@?$CFa?5smi?5handler?5size?5is?50x?$CFx?6@ 000000000000de38     SmmSupervisor:SmmSupervisorProtocol.obj
 0002:00000e58       ??_C@_0CD@HGKEPGCK@?$CFa?5Install?5interface?5exit?5with?5@ 000000000000de58     SmmSupervisor:SmmSupervisorProtocol.obj
 0002:00000e80       ??_C@_0DI@BMCABNJL@mSmmSupvGdtData?$FL?$CFd?$FN?4Tablebase?5?$DN@ 000000000000de80     SmmSupervisor:SmmSupvGdt.obj
 0002:00000eb8       ??_C@_0DD@DGHHBJOP@It?5is?5invoked?5from?5the?5instruct@ 000000000000deb8     SmmSupervisor:SmmExceptionHandler.obj
 0002:00000ef0       ??_C@_0BB@DMACLPMP@?5in?5module?5?$CI?$CFa?$CJ?6@ 000000000000def0     SmmSupervisor:SmmExceptionHandler.obj
 0002:00000f08       ??_C@_0BK@PLPKCBGI@mCpuToken?5?$CB?$DN?5?$CI?$CIvoid?5?$CK?$CJ?50?$CJ@ 000000000000df08     SmmSupervisor:SmmExceptionHandler.obj
 0002:00000f30       ??_C@_0EN@FBCADLBC@e?3?2home?2strixpoint_edk2?2SmmSupe@ 000000000000df30     SmmSupervisor:SmmExceptionHandler.obj
 0002:00000f80       ??_C@_0BB@EBODFCHO@InitializeSmmIdt@ 000000000000df80     SmmSupervisor:SmmExceptionHandler.obj
 0002:00000fa0       ??_C@_0EA@LELBICCO@?$CFa?5?9?5Failed?5to?5initialize?5spin?5@ 000000000000dfa0     SmmSupervisor:SmmExceptionHandler.obj
 0002:00000fe0       ??_C@_0CI@FAEJMDCK@?$CFa?5?9?5Failed?5to?5initialize?5handl@ 000000000000dfe0     SmmSupervisor:SmmExceptionHandler.obj
 0002:00001008       ??_C@_0CJ@IHIGNPF@?$CFa?5?9?5Failed?5to?5register?5gp?5hand@ 000000000000e008     SmmSupervisor:SmmExceptionHandler.obj
 0002:00001038       ??_C@_0BL@JCHMLBOL@PatchCpL0SmmSaveStateMap?3?6@ 000000000000e038     SmmSupervisor:SmmSupvCpuMemoryManagement.obj
 0002:00001058       ??_C@_0BK@JBKMKPCB@PatchCpL0SmmSaveStateMap?6@ 000000000000e058     SmmSupervisor:SmmSupvCpuMemoryManagement.obj
 0002:00001074       ??_C@_04HCDDPBNL@TRUE@     000000000000e074     SmmSupervisor:SyscallDispatcher.obj
 0002:0000107c       ??_C@_05MAJJAKPI@FALSE@    000000000000e07c     SmmSupervisor:SyscallDispatcher.obj
 0002:00001088       ??_C@_0BC@OBKGMBL@SyscallDispatcher@ 000000000000e088     SmmSupervisor:SyscallDispatcher.obj
 0002:000010a0       ??_C@_0GF@DOAPNJGO@?$CFc?$CF08x?$CFc?$CFa?5Enter?4?4?4?5CallIndex?3?5@ 000000000000e0a0     SmmSupervisor:SyscallDispatcher.obj
 0002:00001108       ??_C@_0CJ@CBKJKHHC@?$CFa?5Read?5MSR?50x?$CFp?5blocked?5by?5pol@ 000000000000e108     SmmSupervisor:SyscallDispatcher.obj
 0002:00001138       ??_C@_0CK@IAIJOCMA@?$CFa?5Write?5MSR?50x?$CFp?5blocked?5by?5po@ 000000000000e138     SmmSupervisor:SyscallDispatcher.obj
 0002:00001168       ??_C@_0DF@IHOIAJHF@?$CFa?5Instruction?5execution?5CLI?5bl@ 000000000000e168     SmmSupervisor:SyscallDispatcher.obj
 0002:000011a0       ??_C@_0CD@GJEMPALG@?$CFa?5Read?5IO?5incompatible?5size?5?9?5@ 000000000000e1a0     SmmSupervisor:SyscallDispatcher.obj
 0002:000011d0       ??_C@_0EA@GMJNOPIB@?$CFa?5Read?5IO?5port?50x?$CFx?5with?5width@ 000000000000e1d0     SmmSupervisor:SyscallDispatcher.obj
 0002:00001210       ??_C@_0EB@ILGNFOGC@?$CFa?5Write?5IO?5port?50x?$CFx?5with?5widt@ 000000000000e210     SmmSupervisor:SyscallDispatcher.obj
 0002:00001258       ??_C@_0DI@CGLGEBOG@?$CFa?5Instruction?5execution?5WBINVD@ 000000000000e258     SmmSupervisor:SyscallDispatcher.obj
 0002:00001290       ??_C@_0DF@LKGLKADH@?$CFa?5Instruction?5execution?5HLT?5bl@ 000000000000e290     SmmSupervisor:SyscallDispatcher.obj
 0002:000012c8       ??_C@_0CJ@BHFOJECO@?$CFa?5SavestateRead?5Blocked?5by?5Pol@ 000000000000e2c8     SmmSupervisor:SyscallDispatcher.obj
 0002:00001300       ??_C@_0EI@NDADBLCG@?$CFa?5IHV?5supervised?5region?5read?5b@ 000000000000e300     SmmSupervisor:SyscallDispatcher.obj
 0002:00001350       ??_C@_0EJ@LMJAOEMP@?$CFa?5IHV?5supervised?5region?5write?5@ 000000000000e350     SmmSupervisor:SyscallDispatcher.obj
 0002:000013a0       ??_C@_0CA@CGDFCEGJ@?$CFa?5PspMmioWrite?5invalid?5value?5?6@ 000000000000e3a0     SmmSupervisor:SyscallDispatcher.obj
 0002:000013c0       ??_C@_0EC@KDFBCDIJ@?$CFc?$CF08x?$CFcERROR?$CB?5It?5is?5invoked?5fr@ 000000000000e3c0     SmmSupervisor:SyscallDispatcher.obj
 0002:00001410       ??_C@_0EL@JHHCKFFJ@e?3?2home?2strixpoint_edk2?2SmmSupe@ 000000000000e410     SmmSupervisor:SyscallDispatcher.obj
 0002:00001460       ??_C@_0FE@NJOKBOI@e?3?2home?2strixpoint_edk2?2edk2?2ed@ 000000000000e460     DxePcdLib:DxePcdLib.obj
 0002:000014b8       ??_C@_0BH@DAPONKEH@mPiPcd?5?$CB?$DN?5?$CI?$CIvoid?5?$CK?$CJ?50?$CJ@ 000000000000e4b8     DxePcdLib:DxePcdLib.obj
 0002:000014d0       ??_C@_0BH@IACGKAP@Buffer?5?$CB?$DN?5?$CI?$CIvoid?5?$CK?$CJ?50?$CJ@ 000000000000e4d0     DxePcdLib:DxePcdLib.obj
 0002:000014f0       ??_C@_0FO@KDNEKGGB@e?3?2home?2strixpoint_edk2?2edk2?2ed@ 000000000000e4f0     BasePrintLib:PrintLibInternal.obj
 0002:00001550       ??_C@_0BJ@CNKJJNE@?$CIBuffer?5?$CB?$DN?5?$CI?$CIvoid?5?$CK?$CJ?50?$CJ?$CJ@ 000000000000e550     BasePrintLib:PrintLibInternal.obj
 0002:00001570       ??_C@_0EB@HDGIDCIO@?$CIBufferSize?5?$DM?$DN?5?$CI_gPcd_FixedAtBu@ 000000000000e570     BasePrintLib:PrintLibInternal.obj
 0002:000015b8       ??_C@_0BJ@PPAKKDJG@?$CIFormat?5?$CB?$DN?5?$CI?$CIvoid?5?$CK?$CJ?50?$CJ?$CJ@ 000000000000e5b8     BasePrintLib:PrintLibInternal.obj
 0002:000015e0       ??_C@_0ED@LPDDCECB@?$CIBufferSize?5?$DM?$DN?5?$CI_gPcd_FixedAtBu@ 000000000000e5e0     BasePrintLib:PrintLibInternal.obj
 0002:00001630       ??_C@_0IM@BFJJFLGB@?$CIStrnLenS?5?$CI?$CICHAR16?5?$CK?$CJFormat?0?5?$CI_@ 000000000000e630     BasePrintLib:PrintLibInternal.obj
 0002:000016c0       ??_C@_0ID@PLGJGION@?$CIAsciiStrnLenS?5?$CIFormat?0?5?$CI_gPcd_@ 000000000000e6c0     BasePrintLib:PrintLibInternal.obj
 0002:00001748       ??_C@_0O@MLOLIMFM@?$DMnull?5string?$DO@ 000000000000e748     BasePrintLib:PrintLibInternal.obj
 0002:00001758       ??_C@_0M@BJJDNPHK@?$DMnull?5guid?$DO@ 000000000000e758     BasePrintLib:PrintLibInternal.obj
 0002:00001768       ??_C@_0DB@PMLHLBMO@?$CF08x?9?$CF04x?9?$CF04x?9?$CF02x?$CF02x?9?$CF02x?$CF02@ 000000000000e768     BasePrintLib:PrintLibInternal.obj
 0002:000017a0       ??_C@_0M@LHGBCIKM@?$DMnull?5time?$DO@ 000000000000e7a0     BasePrintLib:PrintLibInternal.obj
 0002:000017b0       ??_C@_0BK@FCPKCIDD@?$CF02d?1?$CF02d?1?$CF04d?5?5?$CF02d?3?$CF02d@ 000000000000e7b0     BasePrintLib:PrintLibInternal.obj
 0002:000017cc       ??_C@_04JIMNDDED@?$CF08X@  000000000000e7cc     BasePrintLib:PrintLibInternal.obj
 0002:000017d4       ??_C@_02PCIJFNDE@?$AN?6@   000000000000e7d4     BasePrintLib:PrintLibInternal.obj
 0002:000017d8       ??_C@_01LIIJDEN@?$AN@      000000000000e7d8     BasePrintLib:PrintLibInternal.obj
 0002:000017e0       mWarningString             000000000000e7e0     BasePrintLib:PrintLibInternal.obj
 0002:000018b0       mErrorString               000000000000e8b0     BasePrintLib:PrintLibInternal.obj
 0002:00001b90       mHexStr                    000000000000eb90     BasePrintLib:PrintLibInternal.obj
 0002:00001ba0       ??_C@_0BL@HBDBPELJ@?$CFaSmmSupv?5TestPoint?5?$CFx?5?$DM?$DM?6@ 000000000000eba0     SmmSupvTestPointLib:SmmSupvTestPointLib.obj
 0002:00001bc0       ??_C@_0BH@IJDOEIDM@?$CFaSmmSupv?5Error?3?50x?$CFx?6@ 000000000000ebc0     ErrorDataLogLibDebug:ErrorDataLogLibDebug.obj
 0002:00001bd8       ??_C@_0CF@NIHJLEML@?$CFaSmmSupv?5Error?5and?5Dead?5Loop?3?5@ 000000000000ebd8     ErrorDataLogLibDebug:ErrorDataLogLibDebug.obj
 0002:00001c00       ??_C@_01LFCBOECM@?4@       000000000000ec00     SmmSupervisorPolicyLib:SmmSupervisorPolicyMgmtLib.obj
 0002:00001c04       ??_C@_01MMEEDKFM@X@        000000000000ec04     SmmSupervisorPolicyLib:SmmSupervisorPolicyMgmtLib.obj
 0002:00001c08       ??_C@_01ELNMCGJD@W@        000000000000ec08     SmmSupervisorPolicyLib:SmmSupervisorPolicyMgmtLib.obj
 0002:00001c0c       ??_C@_01DGKLNCNG@R@        000000000000ec0c     SmmSupervisorPolicyLib:SmmSupervisorPolicyMgmtLib.obj
 0002:00001c10       ??_C@_0BJ@JMCONEDL@MEM?3?5?$FL?$CFlx?9?$CFlx?$FN?5?$CFs?5?$CFs?5?$CFs?6@ 000000000000ec10     SmmSupervisorPolicyLib:SmmSupervisorPolicyMgmtLib.obj
 0002:00001c30       ??_C@_0BD@LCPGPFAP@DumpMemPolicyEntry@ 000000000000ec30     SmmSupervisorPolicyLib:SmmSupervisorPolicyMgmtLib.obj
 0002:00001c48       ??_C@_0CB@EEBKFOB@?$CFa?5Received?5null?5input?5pointer?$CB@ 000000000000ec48     SmmSupervisorPolicyLib:SmmSupervisorPolicyMgmtLib.obj
 0002:00001c70       ??_C@_0HB@BBJAKHLP@e?3?2home?2strixpoint_edk2?2SmmSupe@ 000000000000ec70     SmmSupervisorPolicyLib:SmmSupervisorPolicyMgmtLib.obj
 0002:00001ce8       ??_C@_0BO@PEEBCEFI@V1?40?5MEM?3?5?$FL?$CFlx?9?$CFlx?$FN?5?$CFs?5?$CFs?5?$CFs?6@ 000000000000ece8     SmmSupervisorPolicyLib:SmmSupervisorPolicyMgmtLib.obj
 0002:00001d08       ??_C@_0CD@MFPPIFHH@SMM_SUPV_SECURE_POLICY_DATA_V1_@ 000000000000ed08     SmmSupervisorPolicyLib:SmmSupervisorPolicyMgmtLib.obj
 0002:00001d30       ??_C@_0BC@POGJKK@Version?5Major?3?$CFx?6@ 000000000000ed30     SmmSupervisorPolicyLib:SmmSupervisorPolicyMgmtLib.obj
 0002:00001d48       ??_C@_0BC@DPGMMFEI@Version?5Minor?3?$CFx?6@ 000000000000ed48     SmmSupervisorPolicyLib:SmmSupervisorPolicyMgmtLib.obj
 0002:00001d60       ??_C@_0L@FDHKOFMJ@Size?30x?$CFx?6@ 000000000000ed60     SmmSupervisorPolicyLib:SmmSupervisorPolicyMgmtLib.obj
 0002:00001d70       ??_C@_0BJ@HMIGKNMA@MemoryPolicyOffset?30x?$CFx?6@ 000000000000ed70     SmmSupervisorPolicyLib:SmmSupervisorPolicyMgmtLib.obj
 0002:00001d90       ??_C@_0BI@HIPBAMIO@MemoryPolicyCount?30x?$CFx?6@ 000000000000ed90     SmmSupervisorPolicyLib:SmmSupervisorPolicyMgmtLib.obj
 0002:00001da8       ??_C@_09DGBABBLG@Flags?3?$CFx?6@ 000000000000eda8     SmmSupervisorPolicyLib:SmmSupervisorPolicyMgmtLib.obj
 0002:00001db8       ??_C@_0BB@POKAJBDD@Capabilities?3?$CFx?6@ 000000000000edb8     SmmSupervisorPolicyLib:SmmSupervisorPolicyMgmtLib.obj
 0002:00001dd0       ??_C@_0BH@JBDLFFKL@PolicyRootOffset?30x?$CFx?6@ 000000000000edd0     SmmSupervisorPolicyLib:SmmSupervisorPolicyMgmtLib.obj
 0002:00001de8       ??_C@_0BG@HNIKEHAO@PolicyRootCount?30x?$CFx?6@ 000000000000ede8     SmmSupervisorPolicyLib:SmmSupervisorPolicyMgmtLib.obj
 0002:00001e00       ??_C@_0O@NIGPHJNL@Policy?5Root?3?6@ 000000000000ee00     SmmSupervisorPolicyLib:SmmSupervisorPolicyMgmtLib.obj
 0002:00001e10       ??_C@_0P@LOGAKLLC@?5?5Version?3?5?$CFx?6@ 000000000000ee10     SmmSupervisorPolicyLib:SmmSupervisorPolicyMgmtLib.obj
 0002:00001e20       ??_C@_0BG@NCINNLKG@?5?5PolicyRootSize?3?5?$CFx?6@ 000000000000ee20     SmmSupervisorPolicyLib:SmmSupervisorPolicyMgmtLib.obj
 0002:00001e38       ??_C@_0M@NAGHEJHA@?5?5Type?3?5?$CFx?6@ 000000000000ee38     SmmSupervisorPolicyLib:SmmSupervisorPolicyMgmtLib.obj
 0002:00001e48       ??_C@_0O@GMPCJFIO@?5?5Offset?3?5?$CFx?6@ 000000000000ee48     SmmSupervisorPolicyLib:SmmSupervisorPolicyMgmtLib.obj
 0002:00001e58       ??_C@_0N@DBEMOJ@?5?5Count?3?5?$CFx?6@ 000000000000ee58     SmmSupervisorPolicyLib:SmmSupervisorPolicyMgmtLib.obj
 0002:00001e68       ??_C@_05EIMENEDG@ALLOW@    000000000000ee68     SmmSupervisorPolicyLib:SmmSupervisorPolicyMgmtLib.obj
 0002:00001e70       ??_C@_04CJBJBILD@DENY@     000000000000ee70     SmmSupervisorPolicyLib:SmmSupervisorPolicyMgmtLib.obj
 0002:00001e78       ??_C@_0BC@CAMMOLLB@?5?5AccessAttr?3?5?$CFa?6@ 000000000000ee78     SmmSupervisorPolicyLib:SmmSupervisorPolicyMgmtLib.obj
 0002:00001e90       ??_C@_0BF@LLHLGJNE@IO?3?5?$FL?$CFlx?9?$CFlx?$FN?5?$CFs?5?$CFs?6@ 000000000000ee90     SmmSupervisorPolicyLib:SmmSupervisorPolicyMgmtLib.obj
 0002:00001ea8       ??_C@_0BG@LGJHFINH@MSR?3?5?$FL?$CFlx?9?$CFlx?$FN?5?$CFs?5?$CFs?6@ 000000000000eea8     SmmSupervisorPolicyLib:SmmSupervisorPolicyMgmtLib.obj
 0002:00001ec0       ??_C@_0BH@KIMAIIA@INSTRUCTION?3?5?$FL?$CFlx?$FN?5?$CFs?6@ 000000000000eec0     SmmSupervisorPolicyLib:SmmSupervisorPolicyMgmtLib.obj
 0002:00001ed8       ??_C@_0O@JDAGDJGB@Unconditional@ 000000000000eed8     SmmSupervisorPolicyLib:SmmSupervisorPolicyMgmtLib.obj
 0002:00001ee8       ??_C@_06EMANDJIK@IoRead@   000000000000eee8     SmmSupervisorPolicyLib:SmmSupervisorPolicyMgmtLib.obj
 0002:00001ef0       ??_C@_07EODEKJFL@IoWrite@  000000000000eef0     SmmSupervisorPolicyLib:SmmSupervisorPolicyMgmtLib.obj
 0002:00001ef8       ??_C@_0BI@MPDJMJI@SAVESTATE?3?5?$FL?$CFlx?$FN?5?$CFx?5?$CFa?6@ 000000000000eef8     SmmSupervisorPolicyLib:SmmSupervisorPolicyMgmtLib.obj
 0002:00001f10       ??_C@_0DE@LIGEKAAE@Unrecognized?5policy?5root?5type?5f@ 000000000000ef10     SmmSupervisorPolicyLib:SmmSupervisorPolicyMgmtLib.obj
 0002:00001f48       ??_C@_0BP@OGIAKHCK@Legacy?5memory?5policy?5entries?3?6@ 000000000000ef48     SmmSupervisorPolicyLib:SmmSupervisorPolicyMgmtLib.obj
 0002:00001f68       ??_C@_0BA@CADBBCGG@?5?5Offset?3?50x?$CFp?6@ 000000000000ef68     SmmSupervisorPolicyLib:SmmSupervisorPolicyMgmtLib.obj
 0002:00001f78       ??_C@_0P@PLJBLIAN@?5?5Count?3?50x?$CFx?6@ 000000000000ef78     SmmSupervisorPolicyLib:SmmSupervisorPolicyMgmtLib.obj
 0002:00001f88       ??_C@_0BE@ODPCNBDN@SecurityPolicyCheck@ 000000000000ef88     SmmSupervisorPolicyLib:SmmSupervisorPolicyMgmtLib.obj
 0002:00001fa0       ??_C@_0CF@EAMIOFNI@?$CFa?5?9?5Policy?5overlap?5check?5entry@ 000000000000efa0     SmmSupervisorPolicyLib:SmmSupervisorPolicyMgmtLib.obj
 0002:00001fc8       ??_C@_0DG@ONAGHHNE@?$CFa?5?9?5Secure?5policy?5header?5has?5u@ 000000000000efc8     SmmSupervisorPolicyLib:SmmSupervisorPolicyMgmtLib.obj
 0002:00002000       ??_C@_0CK@PINCLKGF@?$CFa?5?9?5Duplicated?5IO?5policy?5root?5@ 000000000000f000     SmmSupervisorPolicyLib:SmmSupervisorPolicyMgmtLib.obj
 0002:00002030       ??_C@_0DC@GFONGNDM@?$CFa?5?9?5IO?5policy?5strict?5width?5ove@ 000000000000f030     SmmSupervisorPolicyLib:SmmSupervisorPolicyMgmtLib.obj
 0002:00002068       ??_C@_0CK@HAKGKGDF@?$CFa?5?9?5IO?5policy?5overlap?5check?5fa@ 000000000000f068     SmmSupervisorPolicyLib:SmmSupervisorPolicyMgmtLib.obj
 0002:00002098       ??_C@_0CN@KGPACJDM@?$CFa?5?9?5IO?5policy?5has?5non?5zero?5res@ 000000000000f098     SmmSupervisorPolicyLib:SmmSupervisorPolicyMgmtLib.obj
 0002:000020c8       ??_C@_0CO@MEPNEOMM@?$CFa?5?9?5Duplicated?5Memory?5policy?5r@ 000000000000f0c8     SmmSupervisorPolicyLib:SmmSupervisorPolicyMgmtLib.obj
 0002:000020f8       ??_C@_0CO@EHGBKMF@?$CFa?5?9?5Memory?5policy?5overlap?5chec@ 000000000000f0f8     SmmSupervisorPolicyLib:SmmSupervisorPolicyMgmtLib.obj
 0002:00002128       ??_C@_0CO@EFGKEDFF@?$CFa?5?9?5Mem?5policy?5has?5non?5zero?5re@ 000000000000f128     SmmSupervisorPolicyLib:SmmSupervisorPolicyMgmtLib.obj
 0002:00002158       ??_C@_0CL@HANNNPEL@?$CFa?5?9?5Duplicated?5MSR?5policy?5root@ 000000000000f158     SmmSupervisorPolicyLib:SmmSupervisorPolicyMgmtLib.obj
 0002:00002188       ??_C@_0CL@BPEOEJHI@?$CFa?5?9?5MSR?5policy?5overlap?5check?5f@ 000000000000f188     SmmSupervisorPolicyLib:SmmSupervisorPolicyMgmtLib.obj
 0002:000021b8       ??_C@_0DD@IMEPCFKM@?$CFa?5?9?5Duplicated?5Instruction?5pol@ 000000000000f1b8     SmmSupervisorPolicyLib:SmmSupervisorPolicyMgmtLib.obj
 0002:000021f0       ??_C@_0DH@HNDPNGPD@?$CFa?5?9?5Instruction?5policy?5duplica@ 000000000000f1f0     SmmSupervisorPolicyLib:SmmSupervisorPolicyMgmtLib.obj
 0002:00002228       ??_C@_0DG@IPHBEKIJ@?$CFa?5?9?5Instruction?5policy?5has?5non@ 000000000000f228     SmmSupervisorPolicyLib:SmmSupervisorPolicyMgmtLib.obj
 0002:00002260       ??_C@_0DC@BCPOIBGM@?$CFa?5?9?5Duplicated?5Save?5state?5poli@ 000000000000f260     SmmSupervisorPolicyLib:SmmSupervisorPolicyMgmtLib.obj
 0002:00002298       ??_C@_0DG@LAIMIFJE@?$CFa?5?9?5Save?5state?5policy?5duplicat@ 000000000000f298     SmmSupervisorPolicyLib:SmmSupervisorPolicyMgmtLib.obj
 0002:000022d0       ??_C@_0EG@FOCACKDM@?$CFa?5?9?5Save?5state?5policy?5has?5conf@ 000000000000f2d0     SmmSupervisorPolicyLib:SmmSupervisorPolicyMgmtLib.obj
 0002:00002320       ??_C@_0EB@FIAMBOHH@?$CFa?5?9?5Save?5state?5policy?5has?5conf@ 000000000000f320     SmmSupervisorPolicyLib:SmmSupervisorPolicyMgmtLib.obj
 0002:00002368       ??_C@_0DF@OLCELOHM@?$CFa?5?9?5Save?5state?5policy?5has?5non?5@ 000000000000f368     SmmSupervisorPolicyLib:SmmSupervisorPolicyMgmtLib.obj
 0002:000023a0       ??_C@_0CI@BCHIGCIG@?$CFa?5?9?5Unrecognized?5policy?5type?5c@ 000000000000f3a0     SmmSupervisorPolicyLib:SmmSupervisorPolicyMgmtLib.obj
 0002:000023c8       ??_C@_0CP@GDKGNHCF@?$CFa?5?9?5Policy?5root?5has?5non?5zero?5r@ 000000000000f3c8     SmmSupervisorPolicyLib:SmmSupervisorPolicyMgmtLib.obj
 0002:000023f8       ??_C@_0CN@PLHDENFG@?$CFa?5?9?5Memory?5policy?5header?5type?5@ 000000000000f3f8     SmmSupervisorPolicyLib:SmmSupervisorPolicyMgmtLib.obj
 0002:00002430       ??_C@_0FJ@HCCKEMPJ@?$CFa?5?9?5Unrecognized?5bytes?5detecte@ 000000000000f430     SmmSupervisorPolicyLib:SmmSupervisorPolicyMgmtLib.obj
 0002:00002490       ??_C@_0CH@NBKJPDDM@?$CFa?5?9?5Policy?5overlap?5check?5faile@ 000000000000f490     SmmSupervisorPolicyLib:SmmSupervisorPolicyMgmtLib.obj
 0002:000024b8       ??_C@_0CE@MJNGHLDH@?$CFa?5?9?5Policy?5overlap?5check?5exit?5@ 000000000000f4b8     SmmSupervisorPolicyLib:SmmSupervisorPolicyMgmtLib.obj
 0002:000024e0       ??_C@_0CC@KPLLHLGP@Policy?5information?5is?5too?5large@ 000000000000f4e0     SmmSupervisorPolicyLib:SmmSupervisorPolicyMgmtLib.obj
 0002:00002508       ??_C@_0BD@FCDADJHC@mSmmPolicyData?5?$CFx?6@ 000000000000f508     SmmSupervisorPolicyLib:SmmSupervisorPolicyMgmtLib.obj
 0002:00002520       ??_C@_0FD@JFOBMIMN@SmmIsolationPolicy?5has?5legacy?5v@ 000000000000f520     SmmSupervisorPolicyLib:SmmSupervisorPolicyMgmtLib.obj
 0002:00002578       ??_C@_0BH@BHDMOJDF@mSmmTempPolicyData?5?$CFx?6@ 000000000000f578     SmmSupervisorPolicyLib:SmmSupervisorPolicyMgmtLib.obj
 0002:00002590       ??_C@_0BM@NJLBJLJP@PopulateMemoryPolicyEntries@ 000000000000f590     SmmSupervisorPolicyLib:SmmSupervisorPolicyMgmtLib.obj
 0002:000025b0       ??_C@_0CM@NJPFCACD@?$CFa?5Incoming?5policy?5buffer?5is?5nu@ 000000000000f5b0     SmmSupervisorPolicyLib:SmmSupervisorPolicyMgmtLib.obj
 0002:000025e0       ??_C@_0EF@KOAOLJMG@?$CFa?5Incoming?5policy?5buffer?5does?5@ 000000000000f5e0     SmmSupervisorPolicyLib:SmmSupervisorPolicyMgmtLib.obj
 0002:00002630       ??_C@_0EI@ONPMBFDM@?$CFa?5Fail?5to?5GenMemPolicyAndShado@ 000000000000f630     SmmSupervisorPolicyLib:SmmSupervisorPolicyMgmtLib.obj
 0002:00002680       ??_C@_0EE@GLICIICA@?$CFa?5Fail?5to?5GenMemPolicyAndShado@ 000000000000f680     SmmSupervisorPolicyLib:SmmSupervisorPolicyMgmtLib.obj
 0002:000026c8       ??_C@_0BE@GBPMKODO@UpdateMemoryPolicy?6@ 000000000000f6c8     SmmSupervisorPolicyLib:SmmSupervisorPolicyMgmtLib.obj
 0002:000026e0       ??_C@_0BD@HHIEAEMA@UpdateMemoryPolicy@ 000000000000f6e0     SmmSupervisorPolicyLib:SmmSupervisorPolicyMgmtLib.obj
 0002:000026f8       ??_C@_0DA@GGCIPNKF@?$CFa?5?9?5Security?5Policy?5Overlap?5Ch@ 000000000000f6f8     SmmSupervisorPolicyLib:SmmSupervisorPolicyMgmtLib.obj
 0002:00002728       ??_C@_0BB@LALHABCP@mSmmSupvCr3?5?$CB?$DN?50@ 000000000000f728     SmmSupervisorPageMgmtLib:SmmSupervisorPageMgmtLib.obj
 0002:00002740       ??_C@_0GN@LDDPMJKD@e?3?2home?2strixpoint_edk2?2SmmSupe@ 000000000000f740     SmmSupervisorPageMgmtLib:SmmSupervisorPageMgmtLib.obj
 0002:000027b0       ??_C@_0BL@GDNOKJAF@?$CImSmmSupvCr3?5?$CG?50xFFF?$CJ?5?$DN?$DN?50@ 000000000000f7b0     SmmSupervisorPageMgmtLib:SmmSupervisorPageMgmtLib.obj
 0002:000027d0       ??_C@_0DD@HJBMMFDD@PageAttribute?5?$DN?$DN?5Page2M?5?$HM?$HM?5Page@ 000000000000f7d0     SmmSupervisorPageMgmtLib:SmmSupervisorPageMgmtLib.obj
 0002:00002808       ??_C@_0BJ@GFKAPGLM@SplitAttribute?5?$DN?$DN?5Page4K@ 000000000000f808     SmmSupervisorPageMgmtLib:SmmSupervisorPageMgmtLib.obj
 0002:00002828       ??_C@_0DF@DLLPJNCF@SplitAttribute?5?$DN?$DN?5Page2M?5?$HM?$HM?5Spl@ 000000000000f828     SmmSupervisorPageMgmtLib:SmmSupervisorPageMgmtLib.obj
 0002:00002860       ??_C@_0BA@GNLJALHO@Attributes?5?$CB?$DN?50@ 000000000000f860     SmmSupervisorPageMgmtLib:SmmSupervisorPageMgmtLib.obj
 0002:00002870       ??_C@_0HF@PCBGKAIM@?$CIAttributes?5?$CG?5?$HO?$CI0x0000000000002@ 000000000000f870     SmmSupervisorPageMgmtLib:SmmSupervisorPageMgmtLib.obj
 0002:000028e8       ??_C@_0CG@KGPKJGDO@?$CIBaseAddress?5?$CG?5?$CI0x00001000?5?9?51?$CJ@ 000000000000f8e8     SmmSupervisorPageMgmtLib:SmmSupervisorPageMgmtLib.obj
 0002:00002910       ??_C@_0CB@MBAHOLOC@?$CILength?5?$CG?5?$CI0x00001000?5?9?51?$CJ?$CJ?5?$DN?$DN?5@ 000000000000f910     SmmSupervisorPageMgmtLib:SmmSupervisorPageMgmtLib.obj
 0002:00002940       ??_C@_0EL@FJEGFOCJ@GenMemPolicyAndShadowPageTable?0@ 000000000000f940     SmmSupervisorPageMgmtLib:SmmSupervisorPageMgmtLib.obj
 0002:00002990       ??_C@_0P@GFNOFDCC@EFER?4NXE?5?$DN?5?$CFx?6@ 000000000000f990     SmmSupervisorPageMgmtLib:SmmSupervisorPageMgmtLib.obj
 0002:000029a0       ??_C@_0CF@LLPGKJCP@EFER?4LMA?5?$DN?$DN0?5?$HM?$HM?5EFER?4LME?5?$DN?$DN?50?0?5@ 000000000000f9a0     SmmSupervisorPageMgmtLib:SmmSupervisorPageMgmtLib.obj
 0002:000029c8       ??_C@_0BI@CKLDLGFJ@Cr0?4Bits?4PG?5?$DN?$DN?50?0?5exit?6@ 000000000000f9c8     SmmSupervisorPageMgmtLib:SmmSupervisorPageMgmtLib.obj
 0002:000029e0       ??_C@_0BI@LCMNCPOP@Cr0?4Bits?4WP?5?$DN?$DN?50?0?5exit?6@ 000000000000f9e0     SmmSupervisorPageMgmtLib:SmmSupervisorPageMgmtLib.obj
 0002:000029f8       ??_C@_0BB@INCCCBEC@Cr3Value?5?$DN?50x?$CFx?6@ 000000000000f9f8     SmmSupervisorPageMgmtLib:SmmSupervisorPageMgmtLib.obj
 0002:00002a10       ??_C@_0BC@EAEAEIJP@mSmmSupvCr3?50x?$CFx?6@ 000000000000fa10     SmmSupervisorPageMgmtLib:SmmSupervisorPageMgmtLib.obj
 0002:00002a28       ??_C@_0CP@KPPDNEFG@?$CIUINTN?$CJ?5LegacyMemoryPolicy?5?$DM?5Me@ 000000000000fa28     SmmSupervisorPageMgmtLib:SmmSupervisorPageMgmtLib.obj
 0002:00002a58       ??_C@_0CJ@FKEKLDHH@?$CIUINTN?$CJ?5MemoryPolicy?5?$DM?5MemPolic@ 000000000000fa58     SmmSupervisorPageMgmtLib:SmmSupervisorPageMgmtLib.obj
 0002:00002a90       ??_C@_0FB@DMNPBCHO@?$DN?$DN?5L5PageNum?3?5?$CFd?0?5L4PageNum?3?5?$CFd@ 000000000000fa90     SmmSupervisorPageMgmtLib:SmmSupervisorPageMgmtLib.obj
 0002:00002b38       ??_C@_0BA@DAGHIEBA@?$CIPort?5?$CG?51?$CJ?5?$DN?$DN?50@ 000000000000fb38     BaseIoLibIntrinsic:IoLibMsc.obj
 0002:00002b50       ??_C@_0FM@PNPMJJFA@e?3?2home?2strixpoint_edk2?2edk2?2ed@ 000000000000fb50     BaseIoLibIntrinsic:IoLibMsc.obj
 0002:00002bb0       ??_C@_0BA@HCECIDGN@?$CIPort?5?$CG?53?$CJ?5?$DN?$DN?50@ 000000000000fbb0     BaseIoLibIntrinsic:IoLibMsc.obj
 0002:00002bc0       ??_C@_0FJ@LAHHCGGC@e?3?2home?2strixpoint_edk2?2edk2?2ed@ 000000000000fbc0     BaseIoLibIntrinsic:IoLib.obj
 0002:00002c20       ??_C@_0BD@KOOFJLFH@?$CIAddress?5?$CG?51?$CJ?5?$DN?$DN?50@ 000000000000fc20     BaseIoLibIntrinsic:IoLib.obj
 0002:00002c38       ??_C@_0BD@OMMAJMCK@?$CIAddress?5?$CG?53?$CJ?5?$DN?$DN?50@ 000000000000fc38     BaseIoLibIntrinsic:IoLib.obj
 0002:00002c50       ??_C@_0ED@MKGCMJG@?$CILength?5?9?51?$CJ?5?$DM?$DN?5?$CI0xFFFFFFFFFFFF@ 000000000000fc50     BaseMemoryLibRepStr:CopyMemWrapper.obj
 0002:00002ca0       ??_C@_0GD@GJEGHEED@e?3?2home?2strixpoint_edk2?2edk2?2ed@ 000000000000fca0     BaseMemoryLibRepStr:CopyMemWrapper.obj
 0002:00002d08       ??_C@_0DO@MAOBOFEG@?$CILength?5?9?51?$CJ?5?$DM?$DN?5?$CI0xFFFFFFFFFFFF@ 000000000000fd08     BaseMemoryLibRepStr:CopyMemWrapper.obj
 0002:00002d50       ??_C@_0GD@NNOEBFIE@e?3?2home?2strixpoint_edk2?2edk2?2ed@ 000000000000fd50     BaseMemoryLibRepStr:ZeroMemWrapper.obj
 0002:00002db8       ??_C@_0DG@EEENIGGL@Length?5?$DM?$DN?5?$CI0xFFFFFFFFFFFFFFFFUL@ 000000000000fdb8     BaseMemoryLibRepStr:ZeroMemWrapper.obj
 0002:00002df0       ??_C@_0CC@JOEHDGKB@DestinationBuffer?5?$CB?$DN?5?$CI?$CIvoid?5?$CK?$CJ?5@ 000000000000fdf0     BaseMemoryLibRepStr:CompareMemWrapper.obj
 0002:00002e20       ??_C@_0GG@CODIIEFF@e?3?2home?2strixpoint_edk2?2edk2?2ed@ 000000000000fe20     BaseMemoryLibRepStr:CompareMemWrapper.obj
 0002:00002e88       ??_C@_0BN@MDMCNBCC@SourceBuffer?5?$CB?$DN?5?$CI?$CIvoid?5?$CK?$CJ?50?$CJ@ 000000000000fe88     BaseMemoryLibRepStr:CompareMemWrapper.obj
 0002:00002ea8       ??_C@_0CI@MNELLLEK@?$CB?$CIBuffer?5?$DN?$DN?5?$CI?$CIvoid?5?$CK?$CJ?50?$CJ?5?$CG?$CG?5Len@ 000000000000fea8     BaseMemoryLibRepStr:IsZeroBufferWrapper.obj
 0002:00002ed0       ??_C@_0GI@IDGKEPBG@e?3?2home?2strixpoint_edk2?2edk2?2ed@ 000000000000fed0     BaseMemoryLibRepStr:IsZeroBufferWrapper.obj
 0002:00002f38       ??_C@_0DI@DAGDPLPG@?$CILength?5?9?51?$CJ?5?$DM?$DN?5?$CI0xFFFFFFFFFFFF@ 000000000000ff38     BaseMemoryLibRepStr:IsZeroBufferWrapper.obj
 0002:00002f70       ??_C@_0BF@HFCJCGAE@Gdtr?5?$CB?$DN?5?$CI?$CIvoid?5?$CK?$CJ?50?$CJ@ 000000000000ff70     BaseLib:X86WriteGdtr.obj
 0002:00002f90       ??_C@_0FF@CFBBHKGH@e?3?2home?2strixpoint_edk2?2edk2?2ed@ 000000000000ff90     BaseLib:X86WriteGdtr.obj
 0002:00002fe8       ??_C@_0BF@KGOGCKLE@Idtr?5?$CB?$DN?5?$CI?$CIvoid?5?$CK?$CJ?50?$CJ@ 000000000000ffe8     BaseLib:X86WriteIdtr.obj
 0002:00003000       ??_C@_0FF@HFCOABDK@e?3?2home?2strixpoint_edk2?2edk2?2ed@ 0000000000010000     BaseLib:X86WriteIdtr.obj
 0002:00003058       ??_C@_0N@KGHEHMDL@Divisor?5?$CB?$DN?50@ 0000000000010058     BaseLib:DivU64x32.obj
 0002:00003070       ??_C@_0FC@IJJACBJC@e?3?2home?2strixpoint_edk2?2edk2?2ed@ 0000000000010070     BaseLib:Unaligned.obj
 0002:000030d0       ??_C@_0FL@FAEJMOBI@e?3?2home?2strixpoint_edk2?2edk2?2ed@ 00000000000100d0     BaseLib:DivU64x32Remainder.obj
 0002:00003130       ??_C@_0CC@GFNLNIOC@?$CI?$CIUINTN?$CJString?5?$CG?50x00000001?$CJ?5?$DN?$DN@ 0000000000010130     BaseLib:SafeString.obj
 0002:00003160       ??_C@_0FD@BNHOHPAI@e?3?2home?2strixpoint_edk2?2edk2?2ed@ 0000000000010160     BaseLib:SafeString.obj
 0002:000031b8       ??_C@_0L@MEMPDLHB@Count?5?$DM?564@ 00000000000101b8     BaseLib:LShiftU64.obj
 0002:000031d0       ??_C@_0FC@BIEIEHEJ@e?3?2home?2strixpoint_edk2?2edk2?2ed@ 00000000000101d0     BaseLib:LShiftU64.obj
 0002:00003228       ??_C@_0BL@CPGKAMND@JumpBuffer?5?$CB?$DN?5?$CI?$CIvoid?5?$CK?$CJ?50?$CJ@ 0000000000010228     BaseLib:SetJump.obj
 0002:00003250       ??_C@_0FA@BFNMCNLM@e?3?2home?2strixpoint_edk2?2edk2?2ed@ 0000000000010250     BaseLib:SetJump.obj
 0002:000032a0       ??_C@_0CD@OEHNCIHG@?$CI?$CIUINTN?$CJJumpBuffer?5?$CG?5?$CI8?5?9?51?$CJ?$CJ?5?$DN@ 00000000000102a0     BaseLib:SetJump.obj
 0002:000032c8       ??_C@_0BH@MAAHKCPC@String?5?$CB?$DN?5?$CI?$CIvoid?5?$CK?$CJ?50?$CJ@ 00000000000102c8     BaseLib:String.obj
 0002:000032e0       ??_C@_0EP@NLDKMCKN@e?3?2home?2strixpoint_edk2?2edk2?2ed@ 00000000000102e0     BaseLib:String.obj
 0002:00003330       ??_C@_0DI@MDIKFADO@Length?5?$DM?5_gPcd_FixedAtBuild_Pcd@ 0000000000010330     BaseLib:String.obj
 0002:00003368       ??_C@_0BH@LKMBFCBF@Format?5?$CB?$DN?5?$CI?$CIvoid?5?$CK?$CJ?50?$CJ@ 0000000000010368     BaseDebugLibSerialPort:DebugLib.obj
 0002:00003380       ??_C@_0GA@BGEOJMFA@e?3?2home?2strixpoint_edk2?2edk2?2ed@ 0000000000010380     BaseDebugLibSerialPort:DebugLib.obj
 0002:000033e0       ??_C@_0BI@NOCKJDBJ@ASSERT?5?$FL?$CFa?$FN?5?$CFa?$CI?$CFd?$CJ?3?5?$CFa?6@ 00000000000103e0     BaseDebugLibSerialPort:DebugLib.obj
 0002:000033f8       ??_C@_0BN@COECPDCC@gImageHandle?5?$CB?$DN?5?$CI?$CIvoid?5?$CK?$CJ?50?$CJ@ 00000000000103f8     UefiBootServicesTableLib:UefiBootServicesTableLib.obj
 0002:00003420       ??_C@_0HC@CMFHNELD@e?3?2home?2strixpoint_edk2?2edk2?2ed@ 0000000000010420     UefiBootServicesTableLib:UefiBootServicesTableLib.obj
 0002:00003498       ??_C@_0BE@DGNHAHIL@gST?5?$CB?$DN?5?$CI?$CIvoid?5?$CK?$CJ?50?$CJ@ 0000000000010498     UefiBootServicesTableLib:UefiBootServicesTableLib.obj
 0002:000034b0       ??_C@_0BE@BDFJLGLN@gBS?5?$CB?$DN?5?$CI?$CIvoid?5?$CK?$CJ?50?$CJ@ 00000000000104b0     UefiBootServicesTableLib:UefiBootServicesTableLib.obj
 0002:000034d0       ??_C@_0GI@NMCMNBBB@e?3?2home?2strixpoint_edk2?2edk2?2ed@ 00000000000104d0     SmmServicesTableLib:SmmServicesTableLib.obj
 0002:00003538       ??_C@_0CB@GMLECJKN@InternalSmmBase2?5?$CB?$DN?5?$CI?$CIvoid?5?$CK?$CJ?50@ 0000000000010538     SmmServicesTableLib:SmmServicesTableLib.obj
 0002:00003560       ??_C@_0BG@FOOPBBEG@gSmst?5?$CB?$DN?5?$CI?$CIvoid?5?$CK?$CJ?50?$CJ@ 0000000000010560     SmmServicesTableLib:SmmServicesTableLib.obj
 0002:00003578       ??_C@_0BE@OBDFIHND@gRT?5?$CB?$DN?5?$CI?$CIvoid?5?$CK?$CJ?50?$CJ@ 0000000000010578     UefiRuntimeServicesTableLib:UefiRuntimeServicesTableLib.obj
 0002:00003590       ??_C@_0HI@MOANMKPE@e?3?2home?2strixpoint_edk2?2edk2?2ed@ 0000000000010590     UefiRuntimeServicesTableLib:UefiRuntimeServicesTableLib.obj
 0002:00003610       ??_C@_0GL@PDEDLJEB@e?3?2home?2strixpoint_edk2?2edk2?2ed@ 0000000000010610     SmmMemoryAllocationLib:MemoryAllocationLib.obj
 0002:00003680       ??_C@_0DJ@CIDFFKAG@Status?5?$DN?$DN?5?$CI?$CIRETURN_STATUS?$CJ?$CI0x80@ 0000000000010680     SmmMemoryAllocationLib:MemoryAllocationLib.obj
 0002:000036c0       ??_C@_0BN@PLBIHFL@mSmramRanges?5?$CB?$DN?5?$CI?$CIvoid?5?$CK?$CJ?50?$CJ@ 00000000000106c0     SmmMemoryAllocationLib:MemoryAllocationLib.obj
 0002:000036e0       ??_C@_0DO@GEEICOOO@AllocationSize?5?$DM?$DN?5?$CI0xFFFFFFFFFF@ 00000000000106e0     SmmMemoryAllocationLib:MemoryAllocationLib.obj
 0002:00003720       ??_C@_0FE@KBICIPMP@e?3?2home?2strixpoint_edk2?2AmdSupe@ 0000000000010720     AmdDxeTscTimerLib:AmdDxeTscTimerLib.obj
 0002:00003780       ??_C@_0FB@NEIEDAOO@e?3?2home?2strixpoint_edk2?2edk2?2ed@ 0000000000010780     DxeHobLib:HobLib.obj
 0002:000037d8       ??_C@_0BJ@OBFMLLDO@mHobList?5?$CB?$DN?5?$CI?$CIvoid?5?$CK?$CJ?50?$CJ@ 00000000000107d8     DxeHobLib:HobLib.obj
 0002:000037f8       ??_C@_0BJ@NOLLDKJB@HobStart?5?$CB?$DN?5?$CI?$CIvoid?5?$CK?$CJ?50?$CJ@ 00000000000107f8     DxeHobLib:HobLib.obj
 0002:00003818       ??_C@_0BF@JGCKAJOB@AllocateSmmSupvPages@ 0000000000010818     SmmSupervisorMemMgmtLib:SmmSupervisorMemMgmtLib.obj
 0002:00003830       ??_C@_0DI@GLCCMONK@?$CFa?5mMemBlockListCursor?3?$CFx?0?5Base@ 0000000000010830     SmmSupervisorMemMgmtLib:SmmSupervisorMemMgmtLib.obj
 0002:00003868       ??_C@_0BM@EHJMJLNB@?$CFa?5allocate?5pages?5fail?3?5?$CFx?6@ 0000000000010868     SmmSupervisorMemMgmtLib:SmmSupervisorMemMgmtLib.obj
 0002:00003888       ??_C@_0CI@MOFPBOAJ@?$CFa?5Out?5of?5resource?5for?5heap?5all@ 0000000000010888     SmmSupervisorMemMgmtLib:SmmSupervisorMemMgmtLib.obj
 0002:000038b0       ??_C@_0BP@JAMFPIIE@mMaxSmmSupvPageTablePages?5?$CB?$DN?50@ 00000000000108b0     SmmSupervisorMemMgmtLib:SmmSupervisorMemMgmtLib.obj
 0002:000038d0       ??_C@_0GL@EFDNNOEH@e?3?2home?2strixpoint_edk2?2SmmSupe@ 00000000000108d0     SmmSupervisorMemMgmtLib:SmmSupervisorMemMgmtLib.obj
 0002:00003940       ??_C@_0DI@KEGMENEH@AllocateSmmSupvPageTableMemory?5@ 0000000000010940     SmmSupervisorMemMgmtLib:SmmSupervisorMemMgmtLib.obj
 0002:00003980       ??_C@_0EL@ECJLDBCO@SmmSupvPageTableMemory?5?$FL?$CFd?$FN?5pag@ 0000000000010980     SmmSupervisorMemMgmtLib:SmmSupervisorMemMgmtLib.obj
 0002:000039d0       ??_C@_0CK@FBOKMMFF@Allocate?5SmmSupvPageTableBuffer@ 00000000000109d0     SmmSupervisorMemMgmtLib:SmmSupervisorMemMgmtLib.obj
 0002:00003a00       ??_C@_0BM@OKPIBGID@mSmmSupvPageTableBuffer?5?$CFx?6@ 0000000000010a00     SmmSupervisorMemMgmtLib:SmmSupervisorMemMgmtLib.obj
 0002:00003a20       IdsDebugPrintRamInstance   0000000000010a20     AmdIdsDebugPrintLib:AmdIdsDpRam.obj
 0002:00003a40       AmdIdsDebugPrintSerialInstance 0000000000010a40     AmdIdsDebugPrintLib:AmdIdsDpSerial.obj
 0002:00003a60       AmdIdsDebugPrintRedirectIoInstance 0000000000010a60     AmdIdsDebugPrintLib:AmdIdsDpRedirectIo.obj
 0002:00003a80       ??_C@_0BJ@OAAKNPEN@Pe32Data?5?$CB?$DN?5?$CI?$CIvoid?5?$CK?$CJ?50?$CJ@ 0000000000010a80     BasePeCoffGetEntryPointLib:PeCoffGetEntryPoint.obj
 0002:00003aa0       ??_C@_0GP@MDPHDHM@e?3?2home?2strixpoint_edk2?2edk2?2ed@ 0000000000010aa0     BasePeCoffGetEntryPointLib:PeCoffGetEntryPoint.obj
 0002:00003b10       ??_C@_0CB@GAEHJNNE@Allocating?5memory?5log?5buffer?4?4?4@ 0000000000010b10     MemLogLib:MemLogLib.obj
 0002:00003b38       ??_C@_0CO@BMJOIMEC@Allocate?5memory?5log?5buffer?5fail@ 0000000000010b38     MemLogLib:MemLogLib.obj
 0002:00003b70       ??_C@_0FF@LDIFANGI@Memory?5log?5buffer?5allocated?5at?5@ 0000000000010b70     MemLogLib:MemLogLib.obj
 0002:00003bc8       ??_C@_0BO@KOKECMGB@mMemLogBuffer?5?$CB?$DN?5?$CI?$CIvoid?5?$CK?$CJ?50?$CJ@ 0000000000010bc8     MemLogLib:MemLogLib.obj
 0002:00003bf0       ??_C@_0EH@FKHOHBHC@e?3?2home?2strixpoint_edk2?2AmdSupe@ 0000000000010bf0     MemLogLib:MemLogLib.obj
 0002:00003c38       ??_C@_0BJ@FKJAAJLB@SpinLock?5?$CB?$DN?5?$CI?$CIvoid?5?$CK?$CJ?50?$CJ@ 0000000000010c38     BaseSynchronizationLib:SynchronizationMsc.obj
 0002:00003c60       ??_C@_0GK@EHJIMCMN@e?3?2home?2strixpoint_edk2?2edk2?2ed@ 0000000000010c60     BaseSynchronizationLib:SynchronizationMsc.obj
 0002:00003cd0       ??_C@_0DF@GPAOIIHK@LockValue?5?$DN?$DN?5?$CI?$CIUINTN?$CJ?52?$CJ?5?$HM?$HM?5Loc@ 0000000000010cd0     BaseSynchronizationLib:SynchronizationMsc.obj
 0002:00003d08       ??_C@_0BM@PHFBGKMM@ImageHandle?5?$CB?$DN?5?$CI?$CIvoid?5?$CK?$CJ?50?$CJ@ 0000000000010d08     DxeServicesLib:DxeServicesLib.obj
 0002:00003d30       ??_C@_0FO@IAEDMCIH@e?3?2home?2strixpoint_edk2?2edk2?2ed@ 0000000000010d30     DxeServicesLib:DxeServicesLib.obj
 0002:00003d90       ??_C@_0BJ@GMMGGIMG@NameGuid?5?$CB?$DN?5?$CI?$CIvoid?5?$CK?$CJ?50?$CJ@ 0000000000010d90     DxeServicesLib:DxeServicesLib.obj
 0002:00003db0       ??_C@_0BF@MBJFHGBE@Size?5?$CB?$DN?5?$CI?$CIvoid?5?$CK?$CJ?50?$CJ@ 0000000000010db0     DxeServicesLib:DxeServicesLib.obj
 0002:00003dc8       mDoFarReturnFlag           0000000000010dc8     SmmCpuExceptionHandlerLib:SmmException.obj
 0002:00003dd0       ??_C@_0CK@KOLJIBMC@TemplateMap?4ExceptionStubHeader@ 0000000000010dd0     SmmCpuExceptionHandlerLib:PeiDxeSmmCpuException.obj
 0002:00003e00       ??_C@_0HC@HCNGEPDE@e?3?2home?2strixpoint_edk2?2SmmSupe@ 0000000000010e00     SmmCpuExceptionHandlerLib:PeiDxeSmmCpuException.obj
 0002:00003e78       ??_C@_0L@JBOHKNJB@?$CFc?$CF08x?$CFc?$CFx@ 0000000000010e78     SmmCpuExceptionHandlerLib:ArchExceptionHandler.obj
 0002:00003e88       ??_C@_0DN@OILJOCCP@?$CB?$CB?$CB?$CB?5X64?5Exception?5Type?5?9?5?$CF02x?$CI@ 0000000000010e88     SmmCpuExceptionHandlerLib:ArchExceptionHandler.obj
 0002:00003ec8       ??_C@_0BH@GDPLHCJG@ExceptionData?5?9?5?$CF016lx@ 0000000000010ec8     SmmCpuExceptionHandlerLib:ArchExceptionHandler.obj
 0002:00003ee0       ??_C@_0CO@BBEHDOI@?5?5I?3?$CFx?5R?3?$CFx?5U?3?$CFx?5W?3?$CFx?5P?3?$CFx?5PK?3?$CF@ 0000000000010ee0     SmmCpuExceptionHandlerLib:ArchExceptionHandler.obj
 0002:00003f10       ??_C@_01EEMJAFIK@?6@       0000000000010f10     SmmCpuExceptionHandlerLib:ArchExceptionHandler.obj
 0002:00003f18       ??_C@_0CO@OABPHBNC@RIP?5?5?9?5?$CF016lx?0?5CS?5?5?9?5?$CF016lx?0?5RF@ 0000000000010f18     SmmCpuExceptionHandlerLib:ArchExceptionHandler.obj
 0002:00003f48       ??_C@_0CL@EBCIBAPN@RAX?5?5?9?5?$CF016lx?0?5RCX?5?9?5?$CF016lx?0?5RD@ 0000000000010f48     SmmCpuExceptionHandlerLib:ArchExceptionHandler.obj
 0002:00003f78       ??_C@_0CL@NEKHLEEE@RBX?5?5?9?5?$CF016lx?0?5RSP?5?9?5?$CF016lx?0?5RB@ 0000000000010f78     SmmCpuExceptionHandlerLib:ArchExceptionHandler.obj
 0002:00003fa8       ??_C@_0BN@KJEBEAEC@RSI?5?5?9?5?$CF016lx?0?5RDI?5?9?5?$CF016lx?6@ 0000000000010fa8     SmmCpuExceptionHandlerLib:ArchExceptionHandler.obj
 0002:00003fc8       ??_C@_0CL@IAICEOHO@R8?5?5?5?9?5?$CF016lx?0?5R9?5?5?9?5?$CF016lx?0?5R1@ 0000000000010fc8     SmmCpuExceptionHandlerLib:ArchExceptionHandler.obj
 0002:00003ff8       ??_C@_0CL@JAMCECPD@R11?5?5?9?5?$CF016lx?0?5R12?5?9?5?$CF016lx?0?5R1@ 0000000000010ff8     SmmCpuExceptionHandlerLib:ArchExceptionHandler.obj
 0002:00004028       ??_C@_0BN@PKAAKNBO@R14?5?5?9?5?$CF016lx?0?5R15?5?9?5?$CF016lx?6@ 0000000000011028     SmmCpuExceptionHandlerLib:ArchExceptionHandler.obj
 0002:00004048       ??_C@_0CL@DLLIMCBJ@DS?5?5?5?9?5?$CF016lx?0?5ES?5?5?9?5?$CF016lx?0?5FS@ 0000000000011048     SmmCpuExceptionHandlerLib:ArchExceptionHandler.obj
 0002:00004078       ??_C@_0BN@EICEFBKL@GS?5?5?5?9?5?$CF016lx?0?5SS?5?5?9?5?$CF016lx?6@ 0000000000011078     SmmCpuExceptionHandlerLib:ArchExceptionHandler.obj
 0002:00004098       ??_C@_0CL@DIOBDFLD@CR0?5?5?9?5?$CF016lx?0?5CR2?5?9?5?$CF016lx?0?5CR@ 0000000000011098     SmmCpuExceptionHandlerLib:ArchExceptionHandler.obj
 0002:000040c8       ??_C@_0BN@JAPKHAJM@CR4?5?5?9?5?$CF016lx?0?5CR8?5?9?5?$CF016lx?6@ 00000000000110c8     SmmCpuExceptionHandlerLib:ArchExceptionHandler.obj
 0002:000040e8       ??_C@_0CL@DONNALBH@DR0?5?5?9?5?$CF016lx?0?5DR1?5?9?5?$CF016lx?0?5DR@ 00000000000110e8     SmmCpuExceptionHandlerLib:ArchExceptionHandler.obj
 0002:00004118       ??_C@_0CL@JNPELAID@DR3?5?5?9?5?$CF016lx?0?5DR6?5?9?5?$CF016lx?0?5DR@ 0000000000011118     SmmCpuExceptionHandlerLib:ArchExceptionHandler.obj
 0002:00004148       ??_C@_0CF@MGIBIPBB@GDTR?5?9?5?$CF016lx?5?$CF016lx?0?5LDTR?5?9?5?$CF0@ 0000000000011148     SmmCpuExceptionHandlerLib:ArchExceptionHandler.obj
 0002:00004170       ??_C@_0CF@DMFPLAJK@IDTR?5?9?5?$CF016lx?5?$CF016lx?0?5?5?5TR?5?9?5?$CF0@ 0000000000011170     SmmCpuExceptionHandlerLib:ArchExceptionHandler.obj
 0002:00004198       ??_C@_0BH@PFOFIBPH@FXSAVE_STATE?5?9?5?$CF016lx?6@ 0000000000011198     SmmCpuExceptionHandlerLib:ArchExceptionHandler.obj
 0002:000041b0       mErrorCodeFlag             00000000000111b0     SmmCpuExceptionHandlerLib:CpuExceptionCommon.obj
 0002:000041b8       ??_C@_0BD@PANICNEP@?$CDDE?5?9?5Divide?5Error@ 00000000000111b8     SmmCpuExceptionHandlerLib:CpuExceptionCommon.obj
 0002:000041d0       ??_C@_0M@BENGJJME@?$CDDB?5?9?5Debug@ 00000000000111d0     SmmCpuExceptionHandlerLib:CpuExceptionCommon.obj
 0002:000041e0       ??_C@_0O@PELAMGDH@NMI?5Interrupt@ 00000000000111e0     SmmCpuExceptionHandlerLib:CpuExceptionCommon.obj
 0002:000041f0       ??_C@_0BB@ONIBFOGK@?$CDBP?5?9?5Breakpoint@ 00000000000111f0     SmmCpuExceptionHandlerLib:CpuExceptionCommon.obj
 0002:00004208       ??_C@_0P@BBLCINEF@?$CDOF?5?9?5Overflow@ 0000000000011208     SmmCpuExceptionHandlerLib:CpuExceptionCommon.obj
 0002:00004218       ??_C@_0BL@FGFNPPKN@?$CDBR?5?9?5BOUND?5Range?5Exceeded@ 0000000000011218     SmmCpuExceptionHandlerLib:CpuExceptionCommon.obj
 0002:00004238       ??_C@_0BF@PAJDEHLF@?$CDUD?5?9?5Invalid?5Opcode@ 0000000000011238     SmmCpuExceptionHandlerLib:CpuExceptionCommon.obj
 0002:00004250       ??_C@_0BL@HAMCGOMD@?$CDNM?5?9?5Device?5Not?5Available@ 0000000000011250     SmmCpuExceptionHandlerLib:CpuExceptionCommon.obj
 0002:00004270       ??_C@_0BD@POLKFCFP@?$CDDF?5?9?5Double?5Fault@ 0000000000011270     SmmCpuExceptionHandlerLib:CpuExceptionCommon.obj
 0002:00004288       ??_C@_0BM@LFJODCLN@Coprocessor?5Segment?5Overrun@ 0000000000011288     SmmCpuExceptionHandlerLib:CpuExceptionCommon.obj
 0002:000042a8       ??_C@_0BC@NJGFAHLO@?$CDTS?5?9?5Invalid?5TSS@ 00000000000112a8     SmmCpuExceptionHandlerLib:CpuExceptionCommon.obj
 0002:000042c0       ??_C@_0BK@CJDBEANG@?$CDNP?5?9?5Segment?5Not?5Present@ 00000000000112c0     SmmCpuExceptionHandlerLib:CpuExceptionCommon.obj
 0002:000042e0       ??_C@_0BI@DKNGHJJN@?$CDSS?5?9?5Stack?5Fault?5Fault@ 00000000000112e0     SmmCpuExceptionHandlerLib:CpuExceptionCommon.obj
 0002:000042f8       ??_C@_0BJ@OPPOMNHK@?$CDGP?5?9?5General?5Protection@ 00000000000112f8     SmmCpuExceptionHandlerLib:CpuExceptionCommon.obj
 0002:00004318       ??_C@_0BB@CJKCEJGM@?$CDPF?5?9?5Page?9Fault@ 0000000000011318     SmmCpuExceptionHandlerLib:CpuExceptionCommon.obj
 0002:00004330       ??_C@_08NKCLJDKG@Reserved@ 0000000000011330     SmmCpuExceptionHandlerLib:CpuExceptionCommon.obj
 0002:00004340       ??_C@_0CD@DAPDALEP@?$CDMF?5?9?5x87?5FPU?5Floating?9Point?5Er@ 0000000000011340     SmmCpuExceptionHandlerLib:CpuExceptionCommon.obj
 0002:00004368       ??_C@_0BG@JJECJFKO@?$CDAC?5?9?5Alignment?5Check@ 0000000000011368     SmmCpuExceptionHandlerLib:CpuExceptionCommon.obj
 0002:00004380       ??_C@_0BE@CIGFNHHH@?$CDMC?5?9?5Machine?9Check@ 0000000000011380     SmmCpuExceptionHandlerLib:CpuExceptionCommon.obj
 0002:00004398       ??_C@_0BK@IKBNPED@?$CDXM?5?9?5SIMD?5floating?9point@ 0000000000011398     SmmCpuExceptionHandlerLib:CpuExceptionCommon.obj
 0002:000043b8       ??_C@_0BF@MIEADEIE@?$CDVE?5?9?5Virtualization@ 00000000000113b8     SmmCpuExceptionHandlerLib:CpuExceptionCommon.obj
 0002:000043d0       ??_C@_0BJ@POMBGBMH@?$CDCP?5?9?5Control?5Protection@ 00000000000113d0     SmmCpuExceptionHandlerLib:CpuExceptionCommon.obj
 0002:000043f0       ??_C@_0BI@HOPEKCJH@?$CDVC?5?9?5VMM?5Communication@ 00000000000113f0     SmmCpuExceptionHandlerLib:CpuExceptionCommon.obj
 0002:00004408       ??_C@_0CJ@NIJFIMND@?$CB?$CB?$CB?$CB?5Can?8t?5find?5image?5informati@ 0000000000011408     SmmCpuExceptionHandlerLib:CpuExceptionCommon.obj
 0002:00004438       ??_C@_0CD@FDHAHDMO@?$CB?$CB?$CB?$CB?5Find?5image?5based?5on?5IP?$CI0x?$CF@ 0000000000011438     SmmCpuExceptionHandlerLib:CpuExceptionCommon.obj
 0002:0000445c       ??_C@_02ECNOPIAA@?$CFa@    000000000001145c     SmmCpuExceptionHandlerLib:CpuExceptionCommon.obj
 0002:00004460       ??_C@_09KCCBLILG@?$CINo?5PDB?$CJ?5@ 0000000000011460     SmmCpuExceptionHandlerLib:CpuExceptionCommon.obj
 0002:00004470       ??_C@_0CM@GKFIOCPE@?5?$CIImageBase?$DN?$CF016lp?0?5EntryPoint?$DN@ 0000000000011470     SmmCpuExceptionHandlerLib:CpuExceptionCommon.obj
 0002:000044a0       mExceptionNameStr          00000000000114a0     SmmCpuExceptionHandlerLib:CpuExceptionCommon.obj
 0002:00004590       mExceptionReservedStr      0000000000011590     SmmCpuExceptionHandlerLib:CpuExceptionCommon.obj
 0002:000045a0       ??_C@_0BF@KLHGMHFA@IsIoReadWriteAllowed@ 00000000000115a0     SmmPolicyGateLib:SmmPolicyGateLib.obj
 0002:000045b8       ??_C@_0CD@LBNFJHFF@?$CFa?5Invalid?5Access?5Mask?5specifie@ 00000000000115b8     SmmPolicyGateLib:SmmPolicyGateLib.obj
 0002:000045e0       ??_C@_0EA@FCBFHFEK@?$CFa?5Could?5not?5find?5IO?5policy?5roo@ 00000000000115e0     SmmPolicyGateLib:SmmPolicyGateLib.obj
 0002:00004620       ??_C@_0DN@MPKPNGOH@?$CFa?5Strict?5width?5access?5matches?5@ 0000000000011620     SmmPolicyGateLib:SmmPolicyGateLib.obj
 0002:00004660       ??_C@_0EH@OFLABJJK@?$CFc?$CF08x?$CFcIO?5?$CFx?5Strict?5width?5acce@ 0000000000011660     SmmPolicyGateLib:SmmPolicyGateLib.obj
 0002:000046a8       ??_C@_0DE@DILKJENG@?$CFa?5Access?5matches?5an?5entry?5of?5t@ 00000000000116a8     SmmPolicyGateLib:SmmPolicyGateLib.obj
 0002:000046e0       ??_C@_0DO@MJBJOBEA@?$CFc?$CF08x?$CFcIO?5?$CFx?5access?5matches?5an@ 00000000000116e0     SmmPolicyGateLib:SmmPolicyGateLib.obj
 0002:00004720       ??_C@_0FD@MLOAEEJB@?$CFa?5Rejecting?5IO?5access?5based?5on@ 0000000000011720     SmmPolicyGateLib:SmmPolicyGateLib.obj
 0002:00004778       ??_C@_0DK@LFOBOCFC@?$CFc?$CF08x?$CFcRejecting?5IO?5access?5bas@ 0000000000011778     SmmPolicyGateLib:SmmPolicyGateLib.obj
 0002:000047b8       ??_C@_0BG@ENHNJIND@IsMsrReadWriteAllowed@ 00000000000117b8     SmmPolicyGateLib:SmmPolicyGateLib.obj
 0002:000047d0       ??_C@_0EB@BIJEDGEP@?$CFa?5Could?5not?5find?5MSR?5policy?5ro@ 00000000000117d0     SmmPolicyGateLib:SmmPolicyGateLib.obj
 0002:00004818       ??_C@_0DD@HDGLBKBK@?$CFa?5Access?5matches?5an?5entry?5of?5t@ 0000000000011818     SmmPolicyGateLib:SmmPolicyGateLib.obj
 0002:00004850       ??_C@_0DP@IMJCIFJF@?$CFc?$CF08x?$CFcMSR?5?$CFx?5access?5matches?5a@ 0000000000011850     SmmPolicyGateLib:SmmPolicyGateLib.obj
 0002:00004890       ??_C@_0FE@EDIIKHMB@?$CFa?5Rejecting?5MSR?5access?5based?5o@ 0000000000011890     SmmPolicyGateLib:SmmPolicyGateLib.obj
 0002:000048e8       ??_C@_0DL@BJPNIBDE@?$CFc?$CF08x?$CFcRejecting?5MSR?5access?5ba@ 00000000000118e8     SmmPolicyGateLib:SmmPolicyGateLib.obj
 0002:00004928       ??_C@_0BO@JGNJONHA@IsInstructionExecutionAllowed@ 0000000000011928     SmmPolicyGateLib:SmmPolicyGateLib.obj
 0002:00004950       ??_C@_0EJ@EHMGPKMH@?$CFa?5Could?5not?5find?5Instruction?5p@ 0000000000011950     SmmPolicyGateLib:SmmPolicyGateLib.obj
 0002:000049a0       ??_C@_0DG@EJGANEPG@?$CFa?5Execution?5matches?5an?5entry?5o@ 00000000000119a0     SmmPolicyGateLib:SmmPolicyGateLib.obj
 0002:000049e0       ??_C@_0EK@FEJJAOOI@?$CFc?$CF08x?$CFcInstruction?5?$CFx?5executio@ 00000000000119e0     SmmPolicyGateLib:SmmPolicyGateLib.obj
 0002:00004a30       ??_C@_0FM@JFMNHDDH@?$CFa?5Rejecting?5Instruction?5access@ 0000000000011a30     SmmPolicyGateLib:SmmPolicyGateLib.obj
[...]
 0001:000004f0       AsmIdtVectorBegin          00000000000014f0     SmmCpuExceptionHandlerLib:Xcode5ExceptionHandlerAsm.obj
 0001:00000670       AsmIdtVectorEnd            0000000000001670     SmmCpuExceptionHandlerLib:Xcode5ExceptionHandlerAsm.obj
 0001:00000670       HookAfterStubHeaderBegin   0000000000001670     SmmCpuExceptionHandlerLib:Xcode5ExceptionHandlerAsm.obj
 0001:00000671       @VectorNum                 0000000000001671     SmmCpuExceptionHandlerLib:Xcode5ExceptionHandlerAsm.obj
 0001:0000067a       JmpAbsoluteAddress         000000000000167a     SmmCpuExceptionHandlerLib:Xcode5ExceptionHandlerAsm.obj
 0001:0000067c       HookAfterStubHeaderEnd     000000000000167c     SmmCpuExceptionHandlerLib:Xcode5ExceptionHandlerAsm.obj
 0001:00000698       HookAfterStubHeaderEnd.0   0000000000001698     SmmCpuExceptionHandlerLib:Xcode5ExceptionHandlerAsm.obj
 0001:000006b9       NoErrorCode                00000000000016b9     SmmCpuExceptionHandlerLib:Xcode5ExceptionHandlerAsm.obj
 0001:000006c5       HasErrorCode               00000000000016c5     SmmCpuExceptionHandlerLib:Xcode5ExceptionHandlerAsm.obj
 0001:0000078d       VcDebugRegs                000000000000178d     SmmCpuExceptionHandlerLib:Xcode5ExceptionHandlerAsm.obj
 0001:00000796       DrFinish                   0000000000001796     SmmCpuExceptionHandlerLib:Xcode5ExceptionHandlerAsm.obj
 0001:0000082d       CetDone                    000000000000182d     SmmCpuExceptionHandlerLib:Xcode5ExceptionHandlerAsm.obj
 0001:0000086b       SKIP_CR_POP                000000000000186b     SmmCpuExceptionHandlerLib:Xcode5ExceptionHandlerAsm.obj
 0001:0000086f       CR_POP_END                 000000000000186f     SmmCpuExceptionHandlerLib:Xcode5ExceptionHandlerAsm.obj
 0001:000008c0       ErrorCode                  00000000000018c0     SmmCpuExceptionHandlerLib:Xcode5ExceptionHandlerAsm.obj
 0001:000008c8       DoReturn                   00000000000018c8     SmmCpuExceptionHandlerLib:Xcode5ExceptionHandlerAsm.obj
 0001:000008e7       DoReturn.0                 00000000000018e7     SmmCpuExceptionHandlerLib:Xcode5ExceptionHandlerAsm.obj
 0001:000008f6       DoIret                     00000000000018f6     SmmCpuExceptionHandlerLib:Xcode5ExceptionHandlerAsm.obj
 0001:00000a69       rn32_ok                    0000000000001a69     AmdPspBaseLibV2:RdSeed.obj
 0001:00000a95       AsmCpuidEx.0               0000000000001a95     BaseLib:CpuIdEx.obj
 0001:00000a9c       AsmCpuidEx.1               0000000000001a9c     BaseLib:CpuIdEx.obj
 0001:00000aa3       AsmCpuidEx.2               0000000000001aa3     BaseLib:CpuIdEx.obj
 0001:00000aac       AsmCpuidEx.3               0000000000001aac     BaseLib:CpuIdEx.obj
 0001:00000ab9       rn16_ok                    0000000000001ab9     BaseLib:RdRand.obj
 0001:00000acb       rn32_ok                    0000000000001acb     BaseLib:RdRand.obj
 0001:00000add       rn64_ok                    0000000000001add     BaseLib:RdRand.obj
 0001:00003a90       SmmSupervisorGpExceptionHandler 0000000000004a90 f   SmmSupervisor:SmmExceptionHandler.obj
 0001:00003a94       InitExceptionHandlerSpinLock 0000000000004a94 f   SmmSupervisor:SmmExceptionHandler.obj
 0001:00007fb4       InitSmst                   0000000000008fb4 f   SmmSupervisorMemMgmtLib:SmmSupervisorMemMgmtLib.obj
 0002:00002af0       mPageAttributeTable        000000000000faf0     SmmSupervisorPageMgmtLib:SmmSupervisorPageMgmtLib.obj
 0003:00000010       CommonInterruptEntryFixup  0000000000013010     SmmCpuExceptionHandlerLib:Xcode5ExceptionHandlerAsm.obj
 0003:00000018       HookAfterStubHeaderEndFixup 0000000000013018     SmmCpuExceptionHandlerLib:Xcode5ExceptionHandlerAsm.obj
 0003:00000170       SyscallIdNamePairs         0000000000013170     SmmSupervisor:SyscallDispatcher.obj
 0003:00000300       mMsrStarValue              0000000000013300     SmmSupervisor:SmmSupervisor.obj
 0003:00000310       mMsrCstarValue             0000000000013310     SmmSupervisor:SmmSupervisor.obj
 0003:00000338       mMsrStar64Value            0000000000013338     SmmSupervisor:SmmSupervisor.obj
 0003:00000348       mMmSupvGsStore             0000000000013348     SmmSupervisor:SmmSupervisor.obj
 0003:00000394       mSmmEntrySize              0000000000013394     SmmSupervisor:SmmSupervisorProtocol.obj
 0003:000003c0       mSmmSupvCr3                00000000000133c0     SmmSupervisorPageMgmtLib:SmmSupervisorPageMgmtLib.obj
 0003:000003f8       mMaxSmmSupvPageTablePages  00000000000133f8     SmmSupervisorMemMgmtLib:SmmSupervisorMemMgmtLib.obj
 0003:000003fc       mMemBlockListCursor        00000000000133fc     SmmSupervisorMemMgmtLib:SmmSupervisorMemMgmtLib.obj
 0003:00000450       mJumpContext               0000000000013450     SmmSupervisor:AutoGen.obj
 0003:00000550       mDriverEntryPointStatus    0000000000013550     SmmSupervisor:AutoGen.obj
 0003:00000560       mMemBlockList              0000000000013560     SmmSupervisorMemMgmtLib:SmmSupervisorMemMgmtLib.obj
 0003:00000760       mSmmSupvPageTableStruct    0000000000013760     SmmSupervisorMemMgmtLib:SmmSupervisorMemMgmtLib.obj
 0005:00000000       $unwind$PspMmioRead        0000000000024000     AmdPspMmioLib:AmdPspMmioLib.obj
 0005:00000000       $unwind$WriteErrorDataAndReset 0000000000024000     ErrorDataLogLibDebug:ErrorDataLogLibDebug.obj
 0005:00000000       $unwind$PreDrtmInfoSecureStore 0000000000024000     IhvDrtmLibAmd:IhvDrtmLib.obj
 0005:00000000       $unwind$MmioRead16         0000000000024000     BaseIoLibIntrinsic:IoLib.obj
 0005:00000000       $unwind$MmioRead32         0000000000024000     BaseIoLibIntrinsic:IoLib.obj
 0005:00000000       $unwind$IoRead16           0000000000024000     BaseIoLibIntrinsic:IoLibMsc.obj
 0005:00000000       $unwind$IoRead32           0000000000024000     BaseIoLibIntrinsic:IoLibMsc.obj
 0005:00000000       $unwind$SaveAndDisableInterrupts 0000000000024000     BaseLib:Cpu.obj
 0005:00000000       $unwind$StrnLenS           0000000000024000     BaseLib:SafeString.obj
 0005:00000000       $unwind$PeCoffLoaderGetPdbPointer 0000000000024000     BasePeCoffGetEntryPointLib:PeCoffGetEntryPoint.obj
 0005:00000000       $unwind$ReleaseSpinLock    0000000000024000     BaseSynchronizationLib:SynchronizationMsc.obj
 0005:00000000       $unwind$FreePool           0000000000024000     SmmMemoryAllocationLib:MemoryAllocationLib.obj
 0005:00000000       $unwind$_ModuleEntryPoint  0000000000024000     UefiDriverEntryPoint:DriverEntryPoint.obj
 0005:00000000       $unwind$AllocateSmmSupvPageTableMemory 0000000000024000     SmmSupervisorMemMgmtLib:SmmSupervisorMemMgmtLib.obj
 0005:00000000       $unwind$SplitPage          0000000000024000     SmmSupervisorPageMgmtLib:SmmSupervisorPageMgmtLib.obj
 0005:00000000       $unwind$InstallSmmSupvPublicInfoTable 0000000000024000     SmmSupervisor:SmmSupervisor.obj
 0005:00000000       $unwind$SmmSupvSmiExit     0000000000024000     SmmSupervisor:SmmSupervisor.obj
 0005:00000000       $unwind$GetApicMode        0000000000024000     BaseXApicLib:BaseXApicLib.obj
 0005:00000008       $unwind$ProcessLibraryConstructorList 0000000000024008     SmmSupervisor:AutoGen.obj
 0005:00000020       $unwind$AmdIdsDpRedirectIoPrint 0000000000024020     AmdIdsDebugPrintLib:AmdIdsDpRedirectIo.obj
 0005:00000020       $unwind$GetPspMboxLocation 0000000000024020     AmdPspBaseLibV2:AmdPspBaseLibV2.obj
 0005:00000020       $unwind$PspMmioWrite       0000000000024020     AmdPspMmioLib:AmdPspMmioLib.obj
 0005:00000020       $unwind$WriteErrorData     0000000000024020     ErrorDataLogLibDebug:ErrorDataLogLibDebug.obj
 0005:00000020       $unwind$IsIhvSupervisedReadAllowed 0000000000024020     IhvPageSupervisionLib:IhvPageSupervisionLib.obj
 0005:00000020       $unwind$IsIhvSupervisedWriteAllowed 0000000000024020     IhvPageSupervisionLib:IhvPageSupervisionLib.obj
 0005:00000020       $unwind$MmioWrite32        0000000000024020     BaseIoLibIntrinsic:IoLib.obj
 0005:00000020       $unwind$IoWrite16          0000000000024020     BaseIoLibIntrinsic:IoLibMsc.obj
 0005:00000020       $unwind$IoWrite32          0000000000024020     BaseIoLibIntrinsic:IoLibMsc.obj
 0005:00000020       $unwind$LShiftU64          0000000000024020     BaseLib:LShiftU64.obj
 0005:00000020       $unwind$InsertTailList     0000000000024020     BaseLib:LinkedList.obj
 0005:00000020       $unwind$InternalBaseLibIsListValid 0000000000024020     BaseLib:LinkedList.obj
 0005:00000020       $unwind$AsciiStrLen        0000000000024020     BaseLib:String.obj
 0005:00000020       $unwind$ZeroMem            0000000000024020     BaseMemoryLibRepStr:ZeroMemWrapper.obj
 0005:00000020       $unwind$InternalAllocateCopyPool 0000000000024020     SmmMemoryAllocationLib:MemoryAllocationLib.obj
 0005:00000020       $unwind$SmmSupvTestPoint   0000000000024020     SmmSupvTestPointLib:SmmSupvTestPointLib.obj
 0005:00000020       $unwind$DumpModuleImageInfo 0000000000024020     SmmCpuExceptionHandlerLib:CpuExceptionCommon.obj
 0005:00000020       $unwind$FlushTlbRange      0000000000024020     SmmCpuExceptionHandlerLib:PeiDxeSmmCpuException.obj
 0005:00000020       $unwind$AllocateCopyOnePage 0000000000024020     SmmSupervisorPageMgmtLib:SmmSupervisorPageMgmtLib.obj
 0005:00000020       $unwind$ProcessModuleEntryPointList 0000000000024020     SmmSupervisor:AutoGen.obj
 0005:00000020       $unwind$DumpModuleInfoByIp 0000000000024020     SmmSupervisor:SmmExceptionHandler.obj
 0005:00000020       $unwind$AllocateZeroSmmSupvPool 0000000000024020     SmmSupervisor:SmmSupervisor.obj
 0005:00000020       $unwind$CompareMemoryPolicy 0000000000024020     SmmSupervisor:SmmSupervisor.obj
 0005:00000020       $unwind$IsSyncTimerTimeout 0000000000024020     SmmSupervisor:SyncTimer.obj
 0005:0000002c       $unwind$ReportDrtmInfo     000000000002402c     SmmSupervisor:SmmSupervisor.obj
 0005:00000040       $unwind$ReInitGdtTable     0000000000024040     SmmSupervisor:SmmSupervisor.obj
 0005:0000004c       $unwind$AmdIdsDebugPrintCheckSupportAny 000000000002404c     AmdIdsDebugPrintLib:AmdIdsDebugPrintLib.obj
 0005:0000004c       $unwind$CompareMem         000000000002404c     BaseMemoryLibRepStr:CompareMemWrapper.obj
 0005:0000004c       $unwind$CopyMem            000000000002404c     BaseMemoryLibRepStr:CopyMemWrapper.obj
 0005:0000004c       $unwind$PciCf8Read16       000000000002404c     BasePciCf8Lib:PciCf8Lib.obj
 0005:0000004c       $unwind$PciCf8Read32       000000000002404c     BasePciCf8Lib:PciCf8Lib.obj
 0005:0000004c       $unwind$PciCf8Read8        000000000002404c     BasePciCf8Lib:PciCf8Lib.obj
 0005:0000004c       $unwind$PciCf8Write32      000000000002404c     BasePciCf8Lib:PciCf8Lib.obj
 0005:0000004c       $unwind$VerifyPolicyAndUpdatePageTable 000000000002404c     SmmSupervisor:SmmSupervisor.obj
 0005:00000060       $unwind$VerifyAndUpdatePageTbl 0000000000024060     SmmSupervisor:SmmSupervisor.obj
 0005:00000074       $unwind$PostDrtmEntry      0000000000024074     SmmSupervisor:SmmSupervisor.obj
 0005:00000084       $unwind$InitExceptionHandlerSpinLock 0000000000024084     SmmSupervisor:SmmExceptionHandler.obj
 0005:00000084       $unwind$AllocatePoolForGlobalData 0000000000024084     SmmSupervisor:SmmSupervisor.obj
 0005:00000090       $unwind$SmmSupvSmiEntry    0000000000024090     SmmSupervisor:SmmSupervisor.obj
 0005:000000ac       $unwind$PageTblReadyToLockCallback 00000000000240ac     SmmSupervisor:SmmSupervisor.obj
 0005:000000c0       $unwind$SocFamilyIdentificationCheck 00000000000240c0     AmdSocBaseLib:AmdSocBaseLib.obj
 0005:000000c0       $unwind$AllocateSmmSupvPages 00000000000240c0     SmmSupervisorMemMgmtLib:SmmSupervisorMemMgmtLib.obj
 0005:000000c0       $unwind$SmmSupvSmmReadyToLockEventNotify 00000000000240c0     SmmSupervisor:SmmSupervisor.obj
 0005:000000c8       $unwind$AllocateSmmSupvPool 00000000000240c8     SmmSupervisor:SmmSupervisor.obj
 0005:000000d0       $unwind$SmmSupervisorEntry 00000000000240d0     SmmSupervisor:SmmSupervisor.obj
 0005:000000e4       $unwind$SmmSupvPspMboxSmmBufferAddressCallback 00000000000240e4     IhvDrtmLibAmd:IhvDrtmLib.obj
 0005:000000e4       $unwind$InternalAssertJumpBuffer 00000000000240e4     BaseLib:SetJump.obj
 0005:000000e4       $unwind$GetPiPcdProtocol   00000000000240e4     DxePcdLib:DxePcdLib.obj
 0005:000000e4       $unwind$AllocatePool       00000000000240e4     SmmMemoryAllocationLib:MemoryAllocationLib.obj
 0005:000000e4       $unwind$GetPageTableBase   00000000000240e4     SmmSupervisorPageMgmtLib:SmmSupervisorPageMgmtLib.obj
 0005:000000e4       $unwind$SmmSupervisorInstallErrorReporter 00000000000240e4     SmmSupervisor:SmmSupervisorProtocol.obj
 0005:000000e4       $unwind$ReadLocalApicReg   00000000000240e4     BaseXApicLib:BaseXApicLib.obj
 0005:000000ec       $unwind$GetSmmSupervisorVersionAndSplValue 00000000000240ec     SmmSupervisor:SmmSupervisorProtocol.obj
 0005:000000f8       $unwind$SmmSupervisorInstallSmiHandler 00000000000240f8     SmmSupervisor:SmmSupervisorProtocol.obj
 0005:00000114       $unwind$MicroSecondDelay   0000000000024114     AmdDxeTscTimerLib:AmdTscTimerLibShare.obj
 0005:00000114       $unwind$MemVLog            0000000000024114     MemLogLib:MemLogLib.obj
 0005:00000114       $unwind$SetMem             0000000000024114     BaseMemoryLibRepStr:SetMemWrapper.obj
 0005:00000114       $unwind$BasePrintLibValueToString 0000000000024114     BasePrintLib:PrintLibInternal.obj
 0005:00000114       $unwind$GetHobList         0000000000024114     DxeHobLib:HobLib.obj
 0005:00000114       $unwind$GetNextGuidHob     0000000000024114     DxeHobLib:HobLib.obj
 0005:00000114       $unwind$InitializePolicyData 0000000000024114     SmmSupervisorPolicyLib:SmmSupervisorPolicyMgmtLib.obj
 0005:00000114       $unwind$InstallExceptionHandler 0000000000024114     SmmSupervisor:SmmSupervisorProtocol.obj
 0005:00000114       $unwind$InitGdtTable       0000000000024114     SmmSupervisor:SmmSupvGdt.obj
 0005:00000124       $unwind$AllocateGdtBuffer  0000000000024124     SmmSupervisor:SmmSupvGdt.obj
 0005:00000138       $unwind$InitializeSmmIdt   0000000000024138     SmmSupervisor:SmmExceptionHandler.obj
 0005:0000014c       $unwind$SyscallDispatcher  000000000002414c     SmmSupervisor:SyscallDispatcher.obj
 0005:00000168       $unwind$AsciiSPrint        0000000000024168     BasePrintLib:PrintLib.obj
 0005:00000170       $unwind$BasePrintLibSPrintMarker 0000000000024170     BasePrintLib:PrintLibInternal.obj
 0005:0000018c       $unwind$BasePrintLibSPrint 000000000002418c     BasePrintLib:PrintLibInternal.obj
 0005:00000194       $unwind$WriteBiosRam32     0000000000024194     ErrorDataLogLibDebug:ErrorDataLogLibDebug.obj
 0005:0000019c       $unwind$DumpSmmPolicyData  000000000002419c     SmmSupervisorPolicyLib:SmmSupervisorPolicyMgmtLib.obj
 0005:000001b8       $unwind$SecurityPolicyCheck 00000000000241b8     SmmSupervisorPolicyLib:SmmSupervisorPolicyMgmtLib.obj
 0005:000001d0       $unwind$PopulateMemoryPolicyEntries 00000000000241d0     SmmSupervisorPolicyLib:SmmSupervisorPolicyMgmtLib.obj
 0005:000001ec       $unwind$GetPageTableEntry  00000000000241ec     SmmSupervisorPageMgmtLib:SmmSupervisorPageMgmtLib.obj
 0005:00000208       $unwind$CalculateMaximumSupportAddress 0000000000024208     SmmSupervisorPageMgmtLib:SmmSupervisorPageMgmtLib.obj
 0005:00000208       $unwind$GetApicId          0000000000024208     BaseXApicLib:BaseXApicLib.obj
 0005:00000208       $unwind$LocalApicBaseAddressMsrSupported 0000000000024208     BaseXApicLib:BaseXApicLib.obj
 0005:00000210       $unwind$ConvertMemoryPageAttributes 0000000000024210     SmmSupervisorPageMgmtLib:SmmSupervisorPageMgmtLib.obj
 0005:0000022c       $unwind$GenMemPolicyAndShadowPageTable 000000000002422c     SmmSupervisorPageMgmtLib:SmmSupervisorPageMgmtLib.obj
 0005:0000024c       $unwind$CompareGuid        000000000002424c     BaseMemoryLibRepStr:MemLibGuid.obj
 0005:00000264       $unwind$DebugPrint         0000000000024264     BaseDebugLibSerialPort:DebugLib.obj
 0005:0000026c       $unwind$DebugPrintMarker   000000000002426c     BaseDebugLibSerialPort:DebugLib.obj
 0005:00000280       $unwind$DebugAssert        0000000000024280     BaseDebugLibSerialPort:DebugLib.obj
 0005:00000288       $unwind$BuildHeapBufferNodeLinked 0000000000024288     AmdHeapDxeLib:AmdHeapDxeLib.obj
 0005:00000298       $unwind$InitSmst           0000000000024298     SmmSupervisorMemMgmtLib:SmmSupervisorMemMgmtLib.obj
 0005:000002a0       $unwind$AmdIdsDpRamPrint   00000000000242a0     AmdIdsDebugPrintLib:AmdIdsDpRam.obj
 0005:000002b8       $unwind$MemLogInternal     00000000000242b8     MemLogLib:MemLogLib.obj
 0005:000002c0       $unwind$GetPspMmioBase     00000000000242c0     AmdPspBaseLibV2:AmdPspBaseLibV2.obj
 0005:000002c0       $unwind$AcquireSpinLockOrFail 00000000000242c0     BaseSynchronizationLib:SynchronizationMsc.obj
 0005:000002cc       $unwind$InternalImageHandleToFvHandle 00000000000242cc     DxeServicesLib:DxeServicesLib.obj
 0005:000002d4       $unwind$InternalGetSectionFromFv 00000000000242d4     DxeServicesLib:DxeServicesLib.obj
 0005:000002e8       $unwind$GetSectionFromAnyFv 00000000000242e8     DxeServicesLib:DxeServicesLib.obj
 0005:00000300       $unwind$InitializeCpuExceptionHandlers 0000000000024300     SmmCpuExceptionHandlerLib:SmmException.obj
 0005:0000030c       $unwind$ExecuteDefaultHandler 000000000002430c     SmmCpuExceptionHandlerLib:PeiDxeSmmCpuException.obj
 0005:00000328       $unwind$CommonExceptionHandlerWorker 0000000000024328     SmmCpuExceptionHandlerLib:PeiDxeSmmCpuException.obj
 0005:00000340       $unwind$UpdateIdtTable     0000000000024340     SmmCpuExceptionHandlerLib:PeiDxeSmmCpuException.obj
 0005:00000358       $unwind$DumpCpuContext     0000000000024358     SmmCpuExceptionHandlerLib:ArchExceptionHandler.obj
 0005:00000368       $unwind$InternalPrintMessage 0000000000024368     SmmCpuExceptionHandlerLib:CpuExceptionCommon.obj
 0005:00000370       $unwind$IsIoReadWriteAllowed 0000000000024370     SmmPolicyGateLib:SmmPolicyGateLib.obj
 0005:00000388       $unwind$IhvGetPagesForProtection 0000000000024388     IhvPageProtectionLib:IhvPageProtectionLib.obj
 0005:00000388       $unwind$IsInstructionExecutionAllowed 0000000000024388     SmmPolicyGateLib:SmmPolicyGateLib.obj
 0005:00000388       $unwind$IsMsrReadWriteAllowed 0000000000024388     SmmPolicyGateLib:SmmPolicyGateLib.obj
 0005:000003a0       $unwind$PostDrtmSecureValidation 00000000000243a0     IhvDrtmLibAmd:IhvDrtmLib.obj
 0005:000003b8       $unwind$FindSmmSupvEntry   00000000000243b8     SmmSupvEntryLocateLibAmd:SmmSupvEntryLocateLib.obj
 0005:000003d0       $unwind$ParseSupervisionType 00000000000243d0     IhvPageSupervisionLib:IhvPageSupervisionLib.obj
 0005:000003dc       $unwind$IhvSupervisedRead  00000000000243dc     IhvPageSupervisionLib:IhvPageSupervisionLib.obj
 0005:000003ec       $unwind$IhvGetPagesForSupervision 00000000000243ec     IhvPageSupervisionLib:IhvPageSupervisionLib.obj
 0005:00000400       $unwind$CheckIoTrapOnAllCores 0000000000024400     IhvSmmSaveStateSupervisionLib:IhvSmmSaveStateSupervisionLib.obj
 0005:00000410       $unwind$IsIhvSmmSaveStateReadAllowed 0000000000024410     IhvSmmSaveStateSupervisionLib:IhvSmmSaveStateSupervisionLib.obj
 0005:00000424       $unwind$IdsLibDebugPrint   0000000000024424     IdsNonUefiLib:IdsNonUefiLib.obj
 0005:00000438       $unwind$SendPspCommand     0000000000024438     AmdPspMboxLibV2:AmdPspMboxLibV2.obj
 0005:0000044c       $unwind$PspMboxBiosDrtmInfo 000000000002444c     AmdPspMboxLibV2:AmdPspMboxLibV2.obj
 0005:00000460       $unwind$GetDrtmMmio        0000000000024460     SmmSupvPspMmioLib:SmmSupvPspMmioLib.obj
 0005:00000474       $unwind$GetAmdPspRegInfoEntry 0000000000024474     AmdPspRegBaseLib:AmdPspRegBaseLib.obj
